******************************************************************************
             TMS320C2000 Linker PC v18.1.4                     
******************************************************************************
>> Linked Sat Aug 31 10:38:34 2019

OUTPUT FILE NAME:   <L_high_speed_PMSM.out>
ENTRY POINT SYMBOL: "_c_int00"  address: 00009ba3


MEMORY CONFIGURATION

         name            origin    length      used     unused   attr    fill
----------------------  --------  ---------  --------  --------  ----  --------
PAGE 0:
  BEGIN                 00000000   00000002  00000002  00000000  RWIX
  RAMM0                 00000002   000003fe  000003fe  00000000  RWIX
  RAMLS0LS1LS2LS3LS4LS5 00008000   00003000  00001d24  000012dc  RWIX
  RAMGS456789           00010000   00006000  00000000  00006000  RWIX
  RESET                 003fffc0   00000002  00000000  00000002  RWIX

PAGE 1:
  BOOT_RSVD             00000002   0000004e  00000000  0000004e  RWIX
  RAMM1                 00000400   00000400  00000200  00000200  RWIX
  ADCA_RESULT           00000b00   00000020  00000018  00000008  RWIX
  ADCB_RESULT           00000b20   00000020  00000018  00000008  RWIX
  ADCC_RESULT           00000b40   00000020  00000018  00000008  RWIX
  ADCD_RESULT           00000b60   00000020  00000018  00000008  RWIX
  CPU_TIMER0            00000c00   00000008  00000008  00000000  RWIX
  CPU_TIMER1            00000c08   00000008  00000008  00000000  RWIX
  CPU_TIMER2            00000c10   00000008  00000008  00000000  RWIX
  PIE_CTRL              00000ce0   00000020  0000001a  00000006  RWIX
  PIE_VECT              00000d00   00000200  000001c0  00000040  RWIX
  DMA                   00001000   00000200  000000e0  00000120  RWIX
  CLA1                  00001400   00000040  0000003e  00000002  RWIX
  CLA1_MSGRAMLOW        00001480   00000080  00000000  00000080  RWIX
  CLA1_MSGRAMHIGH       00001500   00000080  00000000  00000080  RWIX
  EPWM1                 00004000   00000100  00000100  00000000  RWIX
  EPWM2                 00004100   00000100  00000100  00000000  RWIX
  EPWM3                 00004200   00000100  00000100  00000000  RWIX
  EPWM4                 00004300   00000100  00000100  00000000  RWIX
  EPWM5                 00004400   00000100  00000100  00000000  RWIX
  EPWM6                 00004500   00000100  00000100  00000000  RWIX
  EPWM7                 00004600   00000100  00000100  00000000  RWIX
  EPWM8                 00004700   00000100  00000100  00000000  RWIX
  EPWM9                 00004800   00000100  00000100  00000000  RWIX
  EPWM10                00004900   00000100  00000100  00000000  RWIX
  EPWM11                00004a00   00000100  00000100  00000000  RWIX
  EPWM12                00004b00   00000100  00000100  00000000  RWIX
  ECAP1                 00005000   00000020  00000020  00000000  RWIX
  ECAP2                 00005020   00000020  00000020  00000000  RWIX
  ECAP3                 00005040   00000020  00000020  00000000  RWIX
  ECAP4                 00005060   00000020  00000020  00000000  RWIX
  ECAP5                 00005080   00000020  00000020  00000000  RWIX
  ECAP6                 000050a0   00000020  00000020  00000000  RWIX
  EQEP1                 00005100   00000040  00000022  0000001e  RWIX
  EQEP2                 00005140   00000040  00000022  0000001e  RWIX
  EQEP3                 00005180   00000040  00000022  0000001e  RWIX
  DACA                  00005c00   00000010  00000008  00000008  RWIX
  DACB                  00005c10   00000010  00000008  00000008  RWIX
  DACC                  00005c20   00000010  00000008  00000008  RWIX
  CMPSS1                00005c80   00000020  00000020  00000000  RWIX
  CMPSS2                00005ca0   00000020  00000020  00000000  RWIX
  CMPSS3                00005cc0   00000020  00000020  00000000  RWIX
  CMPSS4                00005ce0   00000020  00000020  00000000  RWIX
  CMPSS5                00005d00   00000020  00000020  00000000  RWIX
  CMPSS6                00005d20   00000020  00000020  00000000  RWIX
  CMPSS7                00005d40   00000020  00000020  00000000  RWIX
  CMPSS8                00005d60   00000020  00000020  00000000  RWIX
  SDFM1                 00005e00   00000080  00000080  00000000  RWIX
  SDFM2                 00005e80   00000080  00000080  00000000  RWIX
  MCBSPA                00006000   00000040  00000024  0000001c  RWIX
  MCBSPB                00006040   00000040  00000024  0000001c  RWIX
  SPIA                  00006100   00000010  00000010  00000000  RWIX
  SPIB                  00006110   00000010  00000010  00000000  RWIX
  SPIC                  00006120   00000010  00000010  00000000  RWIX
  SPID                  00006130   00000010  00000000  00000010  RWIX
  UPP                   00006200   00000100  00000048  000000b8  RWIX
  WD                    00007000   00000040  0000002b  00000015  RWIX
  NMIINTRUPT            00007060   00000010  00000007  00000009  RWIX
  XINT                  00007070   00000010  0000000b  00000005  RWIX
  SCIA                  00007200   00000010  00000010  00000000  RWIX
  SCIB                  00007210   00000010  00000010  00000000  RWIX
  SCIC                  00007220   00000010  00000010  00000000  RWIX
  SCID                  00007230   00000010  00000010  00000000  RWIX
  I2CA                  00007300   00000040  00000022  0000001e  RWIX
  I2CB                  00007340   00000040  00000022  0000001e  RWIX
  ADCA                  00007400   00000080  00000080  00000000  RWIX
  ADCB                  00007480   00000080  00000080  00000000  RWIX
  ADCC                  00007500   00000080  00000080  00000000  RWIX
  ADCD                  00007580   00000080  00000080  00000000  RWIX
  INPUT_XBAR            00007900   00000020  00000020  00000000  RWIX
  XBAR                  00007920   00000020  00000020  00000000  RWIX
  SYNC_SOC              00007940   00000010  00000006  0000000a  RWIX
  DMACLASRCSEL          00007980   00000040  0000001a  00000026  RWIX
  EPWM_XBAR             00007a00   00000040  00000040  00000000  RWIX
  CLB_XBAR              00007a40   00000040  00000000  00000040  RWIX
  OUTPUT_XBAR           00007a80   00000040  00000040  00000000  RWIX
  GPIOCTRL              00007c00   00000180  00000180  00000000  RWIX
  GPIODAT               00007f00   00000030  00000030  00000000  RWIX
  RAMD0D1               0000b000   00001000  000003f5  00000c0b  RWIX
  RAMGS0GS1             0000c000   00002000  00000000  00002000  RWIX
  RAMGS2                0000e000   00001000  00000000  00001000  RWIX
  RAMGS3                0000f000   00001000  00000000  00001000  RWIX
  RAMGS10               00016000   00001000  00000000  00001000  RWIX
  RAMGS11               00017000   00001000  00000000  00001000  RWIX
  RAMGS12               00018000   00001000  00000000  00001000  RWIX
  RAMGS13               00019000   00001000  00000000  00001000  RWIX
  RAMGS14               0001a000   00001000  00000000  00001000  RWIX
  RAMGS15               0001b000   00001000  00000000  00001000  RWIX
  CPU2TOCPU1RAM         0003f800   00000400  00000000  00000400  RWIX
  CPU1TOCPU2RAM         0003fc00   00000400  00000000  00000400  RWIX
  EMIF1                 00047000   00000800  00000070  00000790  RWIX
  EMIF2                 00047800   00000800  00000070  00000790  RWIX
  IPC                   00050000   00000024  00000024  00000000  RWIX
  FLASHPUMPSEMAPHORE    00050024   00000002  00000002  00000000  RWIX
  DEV_CFG               0005d000   00000180  0000012e  00000052  RWIX
  ANALOG_SUBSYS         0005d180   00000080  00000048  00000038  RWIX
  CLK_CFG               0005d200   00000100  00000032  000000ce  RWIX
  CPU_SYS               0005d300   00000100  00000082  0000007e  RWIX
  ROMPREFETCH           0005e608   00000002  00000002  00000000  RWIX
  DCSM_Z1               0005f000   00000030  00000024  0000000c  RWIX
  DCSM_Z2               0005f040   00000030  00000024  0000000c  RWIX
  DCSM_COMMON           0005f070   00000010  00000008  00000008  RWIX
  MEMCFG                0005f400   00000080  00000080  00000000  RWIX
  EMIF1CONFIG           0005f480   00000020  00000020  00000000  RWIX
  EMIF2CONFIG           0005f4a0   00000020  00000020  00000000  RWIX
  ACCESSPROTECTION      0005f4c0   00000040  00000040  00000000  RWIX
  MEMORYERROR           0005f500   00000040  00000040  00000000  RWIX
  ROMWAITSTATE          0005f540   00000002  00000002  00000000  RWIX
  FLASH0_CTRL           0005f800   00000300  00000182  0000017e  RWIX
  FLASH0_ECC            0005fb00   00000040  00000028  00000018  RWIX
  DCSM_Z1_OTP           00078000   00000020  00000020  00000000  RWIX
  DCSM_Z2_OTP           00078200   00000020  00000020  00000000  RWIX


SECTION ALLOCATION MAP

 output                                  attributes/
section   page    origin      length       input sections
--------  ----  ----------  ----------   ----------------
codestart 
*          0    00000000    00000002     
                  00000000    00000002     F2837xD_CodeStartBranch.obj (codestart)

.cinit     0    00000002    0000026a     
                  00000002    00000216     User_F2837xD_EPWM_EQEP.obj (.cinit)
                  00000218    0000001f     Kalman.obj (.cinit)
                  00000237    00000017     User_F2837xD_DAC.obj (.cinit)
                  0000024e    0000000e     rts2800_fpu32.lib : exit.c.obj (.cinit)
                  0000025c    00000005                       : _lock.c.obj (.cinit:__lock)
                  00000261    00000005                       : _lock.c.obj (.cinit:__unlock)
                  00000266    00000004                       : errno.c.obj (.cinit)
                  0000026a    00000002     --HOLE-- [fill = 0]

ramfuncs   0    0000026c    00000004     
                  0000026c    00000004     F2837xD_usDelay.obj (ramfuncs)

.pinit     0    00000002    00000000     UNINITIALIZED

.reset     0    003fffc0    00000002     DSECT
                  003fffc0    00000002     rts2800_fpu32.lib : boot28.asm.obj (.reset)

.stack     1    00000400    00000200     UNINITIALIZED
                  00000400    00000200     --HOLE--

AdcaResultFile 
*          1    00000b00    00000018     UNINITIALIZED
                  00000b00    00000018     F2837xD_GlobalVariableDefs.obj (AdcaResultFile)

AdcbResultFile 
*          1    00000b20    00000018     UNINITIALIZED
                  00000b20    00000018     F2837xD_GlobalVariableDefs.obj (AdcbResultFile)

AdccResultFile 
*          1    00000b40    00000018     UNINITIALIZED
                  00000b40    00000018     F2837xD_GlobalVariableDefs.obj (AdccResultFile)

AdcdResultFile 
*          1    00000b60    00000018     UNINITIALIZED
                  00000b60    00000018     F2837xD_GlobalVariableDefs.obj (AdcdResultFile)

Cla1RegsFile 
*          1    00001400    0000003e     UNINITIALIZED
                  00001400    0000003e     F2837xD_GlobalVariableDefs.obj (Cla1RegsFile)

.econst    1    0000b000    000001de     
                  0000b000    000001c0     F2837xD_PieVect.obj (.econst:_PieVectTableInit)
                  0000b1c0    00000010     rts2800_fpu32.lib : e_expf.c.obj (.econst)
                  0000b1d0    00000004                       : e_expf.c.obj (.econst:_halF)
                  0000b1d4    00000004                       : e_expf.c.obj (.econst:_ln2HI)
                  0000b1d8    00000004                       : e_expf.c.obj (.econst:_ln2LO)
                  0000b1dc    00000002                       : s_floorf.c.obj (.econst)

.ebss      1    0000b1de    00000217     UNINITIALIZED
                  0000b1de    00000018     Kalman.obj (.ebss)
                  0000b1f6    00000006     rts2800_fpu32.lib : exit.c.obj (.ebss)
                  0000b1fc    00000002                       : _lock.c.obj (.ebss:__lock)
                  0000b1fe    00000002                       : _lock.c.obj (.ebss:__unlock)
                  0000b200    000001e8     User_F2837xD_EPWM_EQEP.obj (.ebss)
                  0000b3e8    0000000c     User_F2837xD_DAC.obj (.ebss)
                  0000b3f4    00000001     rts2800_fpu32.lib : errno.c.obj (.ebss)

GETBUFFER 
*          0    0003f800    00000000     DSECT

GETWRITEIDX 
*          0    0003f800    00000000     DSECT

PUTREADIDX 
*          0    0003f800    00000000     DSECT

CpuTimer0RegsFile 
*          1    00000c00    00000008     UNINITIALIZED
                  00000c00    00000008     F2837xD_GlobalVariableDefs.obj (CpuTimer0RegsFile)

CpuTimer1RegsFile 
*          1    00000c08    00000008     UNINITIALIZED
                  00000c08    00000008     F2837xD_GlobalVariableDefs.obj (CpuTimer1RegsFile)

CpuTimer2RegsFile 
*          1    00000c10    00000008     UNINITIALIZED
                  00000c10    00000008     F2837xD_GlobalVariableDefs.obj (CpuTimer2RegsFile)

PieVectTableFile 
*          1    00000d00    000001c0     UNINITIALIZED
                  00000d00    000001c0     F2837xD_GlobalVariableDefs.obj (PieVectTableFile)

EmuKeyVar 
*          1    00000d00    00000001     UNINITIALIZED
                  00000d00    00000001     F2837xD_GlobalVariableDefs.obj (EmuKeyVar)

EmuBModeVar 
*          1    00000d01    00000001     UNINITIALIZED
                  00000d01    00000001     F2837xD_GlobalVariableDefs.obj (EmuBModeVar)

FlashCallbackVar 
*          1    00000d02    00000000     UNINITIALIZED

FlashScalingVar 
*          1    00000d02    00000000     UNINITIALIZED

DacaRegsFile 
*          1    00005c00    00000008     UNINITIALIZED
                  00005c00    00000008     F2837xD_GlobalVariableDefs.obj (DacaRegsFile)

DacbRegsFile 
*          1    00005c10    00000008     UNINITIALIZED
                  00005c10    00000008     F2837xD_GlobalVariableDefs.obj (DacbRegsFile)

DaccRegsFile 
*          1    00005c20    00000008     UNINITIALIZED
                  00005c20    00000008     F2837xD_GlobalVariableDefs.obj (DaccRegsFile)

AdcaRegsFile 
*          1    00007400    00000080     UNINITIALIZED
                  00007400    00000080     F2837xD_GlobalVariableDefs.obj (AdcaRegsFile)

AdcbRegsFile 
*          1    00007480    00000080     UNINITIALIZED
                  00007480    00000080     F2837xD_GlobalVariableDefs.obj (AdcbRegsFile)

AdccRegsFile 
*          1    00007500    00000080     UNINITIALIZED
                  00007500    00000080     F2837xD_GlobalVariableDefs.obj (AdccRegsFile)

AdcdRegsFile 
*          1    00007580    00000080     UNINITIALIZED
                  00007580    00000080     F2837xD_GlobalVariableDefs.obj (AdcdRegsFile)

AnalogSubsysRegsFile 
*          1    0005d180    00000048     UNINITIALIZED
                  0005d180    00000048     F2837xD_GlobalVariableDefs.obj (AnalogSubsysRegsFile)

Cla1SoftIntRegsFile 
*          1    00000ce0    00000004     DSECT
                  00000ce0    00000004     F2837xD_GlobalVariableDefs.obj (Cla1SoftIntRegsFile)

PieCtrlRegsFile 
*          1    00000ce0    0000001a     UNINITIALIZED
                  00000ce0    0000001a     F2837xD_GlobalVariableDefs.obj (PieCtrlRegsFile)

DmaRegsFile 
*          1    00001000    000000e0     UNINITIALIZED
                  00001000    000000e0     F2837xD_GlobalVariableDefs.obj (DmaRegsFile)

EPwm1RegsFile 
*          1    00004000    00000100     UNINITIALIZED
                  00004000    00000100     F2837xD_GlobalVariableDefs.obj (EPwm1RegsFile)

EPwm2RegsFile 
*          1    00004100    00000100     UNINITIALIZED
                  00004100    00000100     F2837xD_GlobalVariableDefs.obj (EPwm2RegsFile)

EPwm3RegsFile 
*          1    00004200    00000100     UNINITIALIZED
                  00004200    00000100     F2837xD_GlobalVariableDefs.obj (EPwm3RegsFile)

EPwm4RegsFile 
*          1    00004300    00000100     UNINITIALIZED
                  00004300    00000100     F2837xD_GlobalVariableDefs.obj (EPwm4RegsFile)

EPwm5RegsFile 
*          1    00004400    00000100     UNINITIALIZED
                  00004400    00000100     F2837xD_GlobalVariableDefs.obj (EPwm5RegsFile)

EPwm6RegsFile 
*          1    00004500    00000100     UNINITIALIZED
                  00004500    00000100     F2837xD_GlobalVariableDefs.obj (EPwm6RegsFile)

EPwm7RegsFile 
*          1    00004600    00000100     UNINITIALIZED
                  00004600    00000100     F2837xD_GlobalVariableDefs.obj (EPwm7RegsFile)

EPwm8RegsFile 
*          1    00004700    00000100     UNINITIALIZED
                  00004700    00000100     F2837xD_GlobalVariableDefs.obj (EPwm8RegsFile)

EPwm9RegsFile 
*          1    00004800    00000100     UNINITIALIZED
                  00004800    00000100     F2837xD_GlobalVariableDefs.obj (EPwm9RegsFile)

EPwm10RegsFile 
*          1    00004900    00000100     UNINITIALIZED
                  00004900    00000100     F2837xD_GlobalVariableDefs.obj (EPwm10RegsFile)

EPwm11RegsFile 
*          1    00004a00    00000100     UNINITIALIZED
                  00004a00    00000100     F2837xD_GlobalVariableDefs.obj (EPwm11RegsFile)

EPwm12RegsFile 
*          1    00004b00    00000100     UNINITIALIZED
                  00004b00    00000100     F2837xD_GlobalVariableDefs.obj (EPwm12RegsFile)

ECap1RegsFile 
*          1    00005000    00000020     UNINITIALIZED
                  00005000    00000020     F2837xD_GlobalVariableDefs.obj (ECap1RegsFile)

ECap2RegsFile 
*          1    00005020    00000020     UNINITIALIZED
                  00005020    00000020     F2837xD_GlobalVariableDefs.obj (ECap2RegsFile)

ECap3RegsFile 
*          1    00005040    00000020     UNINITIALIZED
                  00005040    00000020     F2837xD_GlobalVariableDefs.obj (ECap3RegsFile)

ECap4RegsFile 
*          1    00005060    00000020     UNINITIALIZED
                  00005060    00000020     F2837xD_GlobalVariableDefs.obj (ECap4RegsFile)

ECap5RegsFile 
*          1    00005080    00000020     UNINITIALIZED
                  00005080    00000020     F2837xD_GlobalVariableDefs.obj (ECap5RegsFile)

ECap6RegsFile 
*          1    000050a0    00000020     UNINITIALIZED
                  000050a0    00000020     F2837xD_GlobalVariableDefs.obj (ECap6RegsFile)

EQep1RegsFile 
*          1    00005100    00000022     UNINITIALIZED
                  00005100    00000022     F2837xD_GlobalVariableDefs.obj (EQep1RegsFile)

EQep2RegsFile 
*          1    00005140    00000022     UNINITIALIZED
                  00005140    00000022     F2837xD_GlobalVariableDefs.obj (EQep2RegsFile)

EQep3RegsFile 
*          1    00005180    00000022     UNINITIALIZED
                  00005180    00000022     F2837xD_GlobalVariableDefs.obj (EQep3RegsFile)

Cmpss1RegsFile 
*          1    00005c80    00000020     UNINITIALIZED
                  00005c80    00000020     F2837xD_GlobalVariableDefs.obj (Cmpss1RegsFile)

Cmpss2RegsFile 
*          1    00005ca0    00000020     UNINITIALIZED
                  00005ca0    00000020     F2837xD_GlobalVariableDefs.obj (Cmpss2RegsFile)

Cmpss3RegsFile 
*          1    00005cc0    00000020     UNINITIALIZED
                  00005cc0    00000020     F2837xD_GlobalVariableDefs.obj (Cmpss3RegsFile)

Cmpss4RegsFile 
*          1    00005ce0    00000020     UNINITIALIZED
                  00005ce0    00000020     F2837xD_GlobalVariableDefs.obj (Cmpss4RegsFile)

Cmpss5RegsFile 
*          1    00005d00    00000020     UNINITIALIZED
                  00005d00    00000020     F2837xD_GlobalVariableDefs.obj (Cmpss5RegsFile)

Cmpss6RegsFile 
*          1    00005d20    00000020     UNINITIALIZED
                  00005d20    00000020     F2837xD_GlobalVariableDefs.obj (Cmpss6RegsFile)

Cmpss7RegsFile 
*          1    00005d40    00000020     UNINITIALIZED
                  00005d40    00000020     F2837xD_GlobalVariableDefs.obj (Cmpss7RegsFile)

Cmpss8RegsFile 
*          1    00005d60    00000020     UNINITIALIZED
                  00005d60    00000020     F2837xD_GlobalVariableDefs.obj (Cmpss8RegsFile)

Sdfm1RegsFile 
*          1    00005e00    00000080     UNINITIALIZED
                  00005e00    00000080     F2837xD_GlobalVariableDefs.obj (Sdfm1RegsFile)

Sdfm2RegsFile 
*          1    00005e80    00000080     UNINITIALIZED
                  00005e80    00000080     F2837xD_GlobalVariableDefs.obj (Sdfm2RegsFile)

McbspaRegsFile 
*          1    00006000    00000024     UNINITIALIZED
                  00006000    00000024     F2837xD_GlobalVariableDefs.obj (McbspaRegsFile)

McbspbRegsFile 
*          1    00006040    00000024     UNINITIALIZED
                  00006040    00000024     F2837xD_GlobalVariableDefs.obj (McbspbRegsFile)

SpiaRegsFile 
*          1    00006100    00000010     UNINITIALIZED
                  00006100    00000010     F2837xD_GlobalVariableDefs.obj (SpiaRegsFile)

SpibRegsFile 
*          1    00006110    00000010     UNINITIALIZED
                  00006110    00000010     F2837xD_GlobalVariableDefs.obj (SpibRegsFile)

SpicRegsFile 
*          1    00006120    00000010     UNINITIALIZED
                  00006120    00000010     F2837xD_GlobalVariableDefs.obj (SpicRegsFile)

UppRegsFile 
*          1    00006200    00000048     UNINITIALIZED
                  00006200    00000048     F2837xD_GlobalVariableDefs.obj (UppRegsFile)

WdRegsFile 
*          1    00007000    0000002b     UNINITIALIZED
                  00007000    0000002b     F2837xD_GlobalVariableDefs.obj (WdRegsFile)

NmiIntruptRegsFile 
*          1    00007060    00000007     UNINITIALIZED
                  00007060    00000007     F2837xD_GlobalVariableDefs.obj (NmiIntruptRegsFile)

XintRegsFile 
*          1    00007070    0000000b     UNINITIALIZED
                  00007070    0000000b     F2837xD_GlobalVariableDefs.obj (XintRegsFile)

SciaRegsFile 
*          1    00007200    00000010     UNINITIALIZED
                  00007200    00000010     F2837xD_GlobalVariableDefs.obj (SciaRegsFile)

ScibRegsFile 
*          1    00007210    00000010     UNINITIALIZED
                  00007210    00000010     F2837xD_GlobalVariableDefs.obj (ScibRegsFile)

ScicRegsFile 
*          1    00007220    00000010     UNINITIALIZED
                  00007220    00000010     F2837xD_GlobalVariableDefs.obj (ScicRegsFile)

ScidRegsFile 
*          1    00007230    00000010     UNINITIALIZED
                  00007230    00000010     F2837xD_GlobalVariableDefs.obj (ScidRegsFile)

I2caRegsFile 
*          1    00007300    00000022     UNINITIALIZED
                  00007300    00000022     F2837xD_GlobalVariableDefs.obj (I2caRegsFile)

I2cbRegsFile 
*          1    00007340    00000022     UNINITIALIZED
                  00007340    00000022     F2837xD_GlobalVariableDefs.obj (I2cbRegsFile)

InputXbarRegsFile 
*          1    00007900    00000020     UNINITIALIZED
                  00007900    00000020     F2837xD_GlobalVariableDefs.obj (InputXbarRegsFile)

XbarRegsFile 
*          1    00007920    00000020     UNINITIALIZED
                  00007920    00000020     F2837xD_GlobalVariableDefs.obj (XbarRegsFile)

SyncSocRegsFile 
*          1    00007940    00000006     UNINITIALIZED
                  00007940    00000006     F2837xD_GlobalVariableDefs.obj (SyncSocRegsFile)

DmaClaSrcSelRegsFile 
*          1    00007980    0000001a     UNINITIALIZED
                  00007980    0000001a     F2837xD_GlobalVariableDefs.obj (DmaClaSrcSelRegsFile)

EPwmXbarRegsFile 
*          1    00007a00    00000040     UNINITIALIZED
                  00007a00    00000040     F2837xD_GlobalVariableDefs.obj (EPwmXbarRegsFile)

OutputXbarRegsFile 
*          1    00007a80    00000040     UNINITIALIZED
                  00007a80    00000040     F2837xD_GlobalVariableDefs.obj (OutputXbarRegsFile)

GpioCtrlRegsFile 
*          1    00007c00    00000180     UNINITIALIZED
                  00007c00    00000180     F2837xD_GlobalVariableDefs.obj (GpioCtrlRegsFile)

GpioDataRegsFile 
*          1    00007f00    00000030     UNINITIALIZED
                  00007f00    00000030     F2837xD_GlobalVariableDefs.obj (GpioDataRegsFile)

Emif1RegsFile 
*          1    00047000    00000070     UNINITIALIZED
                  00047000    00000070     F2837xD_GlobalVariableDefs.obj (Emif1RegsFile)

Emif2RegsFile 
*          1    00047800    00000070     UNINITIALIZED
                  00047800    00000070     F2837xD_GlobalVariableDefs.obj (Emif2RegsFile)

IpcRegsFile 
*          1    00050000    00000024     UNINITIALIZED
                  00050000    00000024     F2837xD_GlobalVariableDefs.obj (IpcRegsFile)

FlashPumpSemaphoreRegsFile 
*          1    00050024    00000002     UNINITIALIZED
                  00050024    00000002     F2837xD_GlobalVariableDefs.obj (FlashPumpSemaphoreRegsFile)

RomPrefetchRegsFile 
*          1    0005e608    00000002     UNINITIALIZED
                  0005e608    00000002     F2837xD_GlobalVariableDefs.obj (RomPrefetchRegsFile)

DcsmZ1RegsFile 
*          1    0005f000    00000024     UNINITIALIZED
                  0005f000    00000024     F2837xD_GlobalVariableDefs.obj (DcsmZ1RegsFile)

DcsmZ2RegsFile 
*          1    0005f040    00000024     UNINITIALIZED
                  0005f040    00000024     F2837xD_GlobalVariableDefs.obj (DcsmZ2RegsFile)

DcsmCommonRegsFile 
*          1    0005f070    00000008     UNINITIALIZED
                  0005f070    00000008     F2837xD_GlobalVariableDefs.obj (DcsmCommonRegsFile)

MemCfgRegsFile 
*          1    0005f400    00000080     UNINITIALIZED
                  0005f400    00000080     F2837xD_GlobalVariableDefs.obj (MemCfgRegsFile)

Emif1ConfigRegsFile 
*          1    0005f480    00000020     UNINITIALIZED
                  0005f480    00000020     F2837xD_GlobalVariableDefs.obj (Emif1ConfigRegsFile)

Emif2ConfigRegsFile 
*          1    0005f4a0    00000020     UNINITIALIZED
                  0005f4a0    00000020     F2837xD_GlobalVariableDefs.obj (Emif2ConfigRegsFile)

AccessProtectionRegsFile 
*          1    0005f4c0    00000040     UNINITIALIZED
                  0005f4c0    00000040     F2837xD_GlobalVariableDefs.obj (AccessProtectionRegsFile)

MemoryErrorRegsFile 
*          1    0005f500    00000040     UNINITIALIZED
                  0005f500    00000040     F2837xD_GlobalVariableDefs.obj (MemoryErrorRegsFile)

RomWaitStateRegsFile 
*          1    0005f540    00000002     UNINITIALIZED
                  0005f540    00000002     F2837xD_GlobalVariableDefs.obj (RomWaitStateRegsFile)

Flash0CtrlRegsFile 
*          1    0005f800    00000182     UNINITIALIZED
                  0005f800    00000182     F2837xD_GlobalVariableDefs.obj (Flash0CtrlRegsFile)

Flash0EccRegsFile 
*          1    0005fb00    00000028     UNINITIALIZED
                  0005fb00    00000028     F2837xD_GlobalVariableDefs.obj (Flash0EccRegsFile)

DcsmZ1OtpFile 
*          1    00078000    00000020     NOLOAD SECTION
                  00078000    00000020     F2837xD_GlobalVariableDefs.obj (DcsmZ1OtpFile)

DcsmZ2OtpFile 
*          1    00078200    00000020     NOLOAD SECTION
                  00078200    00000020     F2837xD_GlobalVariableDefs.obj (DcsmZ2OtpFile)

DevCfgRegsFile 
*          1    0005d000    0000012e     UNINITIALIZED
                  0005d000    0000012e     F2837xD_GlobalVariableDefs.obj (DevCfgRegsFile)

ClkCfgRegsFile 
*          1    0005d200    00000032     UNINITIALIZED
                  0005d200    00000032     F2837xD_GlobalVariableDefs.obj (ClkCfgRegsFile)

CpuSysRegsFile 
*          1    0005d300    00000082     UNINITIALIZED
                  0005d300    00000082     F2837xD_GlobalVariableDefs.obj (CpuSysRegsFile)

.text.1    0    00000270    00000190     
                  00000270    0000014e     F2837xD_EPwm.obj (.text)
                  000003be    00000033     F2837xD_EQep.obj (.text)
                  000003f1    0000000c     rts2800_fpu32.lib : epilog28.asm.obj (.text)
                  000003fd    00000002                       : pre_init.c.obj (.text)
                  000003ff    00000001                       : startup.c.obj (.text)

.text.2    0    00008000    00001d24     
                  00008000    000006a2     User_F2837xD_EPWM_EQEP.obj (.text:retain)
                  000086a2    00000585     F2837xD_DefaultISR.obj (.text:retain)
                  00008c27    000003ed     User_F2837xD_EPWM_EQEP.obj (.text)
                  00009014    00000300     F2837xD_SysCtrl.obj (.text)
                  00009314    000001ec     User_F2837xD_ADC.obj (.text)
                  00009500    000001cb     F2837xD_Gpio.obj (.text)
                  000096cb    00000197     main.obj (.text)
                  00009862    00000111     rts2800_fpu32.lib : e_expf.c.obj (.text)
                  00009973    000000d5     F2837xD_Adc.obj (.text)
                  00009a48    00000088     rts2800_fpu32.lib : fs_div28.asm.obj (.text)
                  00009ad0    0000007b     User_F2837xD_SCI.obj (.text)
                  00009b4b    00000058     rts2800_fpu32.lib : s_floorf.c.obj (.text)
                  00009ba3    00000056                       : boot28.asm.obj (.text)
                  00009bf9    0000002c     User_F2837xD_DAC.obj (.text)
                  00009c25    00000029     rts2800_fpu32.lib : exit.c.obj (.text)
                  00009c4e    00000028     F2837xD_PieCtrl.obj (.text)
                  00009c76    00000024     rts2800_fpu32.lib : cpy_tbl.c.obj (.text)
                  00009c9a    0000001d                       : memcpy.c.obj (.text)
                  00009cb7    00000019                       : args_main.c.obj (.text)
                  00009cd0    00000019                       : prolog28.asm.obj (.text)
                  00009ce9    00000018                       : ll_aox28.asm.obj (.text)
                  00009d01    00000012     F2837xD_PieVect.obj (.text)
                  00009d13    00000009     rts2800_fpu32.lib : _lock.c.obj (.text)
                  00009d1c    00000008     F2837xD_CodeStartBranch.obj (.text)

MODULE SUMMARY

       Module                           code   initialized data   uninitialized data
       ------                           ----   ----------------   ------------------
    .\
       main.obj                         407    0                  0                 
    +--+--------------------------------+------+------------------+--------------------+
       Total:                           407    0                  0                 
                                                                                    
    .\source\
       F2837xD_GlobalVariableDefs.obj   0      0                  8047              
       User_F2837xD_EPWM_EQEP.obj       2703   534                488               
       F2837xD_DefaultISR.obj           1413   0                  0                 
       F2837xD_SysCtrl.obj              768    0                  0                 
       User_F2837xD_ADC.obj             492    0                  0                 
       F2837xD_PieVect.obj              18     448                0                 
       F2837xD_Gpio.obj                 459    0                  0                 
       F2837xD_EPwm.obj                 334    0                  0                 
       F2837xD_Adc.obj                  213    0                  0                 
       User_F2837xD_SCI.obj             123    0                  0                 
       User_F2837xD_DAC.obj             44     23                 12                
       Kalman.obj                       0      31                 24                
       F2837xD_EQep.obj                 51     0                  0                 
       F2837xD_PieCtrl.obj              40     0                  0                 
       F2837xD_CodeStartBranch.obj      10     0                  0                 
       F2837xD_usDelay.obj              4      0                  0                 
    +--+--------------------------------+------+------------------+--------------------+
       Total:                           6672   1036               8571              
                                                                                    
    C:/ti/ccsv8/tools/compiler/ti-cgt-c2000_18.1.4.LTS/lib/rts2800_fpu32.lib
       e_expf.c.obj                     273    28                 0                 
       fs_div28.asm.obj                 136    0                  0                 
       s_floorf.c.obj                   88     2                  0                 
       boot28.asm.obj                   86     0                  0                 
       exit.c.obj                       41     14                 6                 
       cpy_tbl.c.obj                    36     0                  0                 
       memcpy.c.obj                     29     0                  0                 
       args_main.c.obj                  25     0                  0                 
       prolog28.asm.obj                 25     0                  0                 
       ll_aox28.asm.obj                 24     0                  0                 
       _lock.c.obj                      9      10                 4                 
       epilog28.asm.obj                 12     0                  0                 
       errno.c.obj                      0      4                  1                 
       pre_init.c.obj                   2      0                  0                 
       startup.c.obj                    1      0                  0                 
    +--+--------------------------------+------+------------------+--------------------+
       Total:                           787    58                 11                
                                                                                    
       Stack:                           0      0                  512               
    +--+--------------------------------+------+------------------+--------------------+
       Grand Total:                     7866   1094               9094              


GLOBAL DATA SYMBOLS: SORTED BY DATA PAGE

address     data page           name
--------    ----------------    ----
00000400      10 (00000400)     __stack

00000b00      2c (00000b00)     _AdcaResultRegs
00000b20      2c (00000b00)     _AdcbResultRegs

00000b40      2d (00000b40)     _AdccResultRegs
00000b60      2d (00000b40)     _AdcdResultRegs

00000c00      30 (00000c00)     _CpuTimer0Regs
00000c08      30 (00000c00)     _CpuTimer1Regs
00000c10      30 (00000c00)     _CpuTimer2Regs

00000ce0      33 (00000cc0)     _Cla1SoftIntRegs
00000ce0      33 (00000cc0)     _PieCtrlRegs

00000d00      34 (00000d00)     _EmuKey
00000d00      34 (00000d00)     _PieVectTable
00000d01      34 (00000d00)     _EmuBMode

00001000      40 (00001000)     _DmaRegs

00001400      50 (00001400)     _Cla1Regs

00004000     100 (00004000)     _EPwm1Regs

00004100     104 (00004100)     _EPwm2Regs

00004200     108 (00004200)     _EPwm3Regs

00004300     10c (00004300)     _EPwm4Regs

00004400     110 (00004400)     _EPwm5Regs

00004500     114 (00004500)     _EPwm6Regs

00004600     118 (00004600)     _EPwm7Regs

00004700     11c (00004700)     _EPwm8Regs

00004800     120 (00004800)     _EPwm9Regs

00004900     124 (00004900)     _EPwm10Regs

00004a00     128 (00004a00)     _EPwm11Regs

00004b00     12c (00004b00)     _EPwm12Regs

00005000     140 (00005000)     _ECap1Regs
00005020     140 (00005000)     _ECap2Regs

00005040     141 (00005040)     _ECap3Regs
00005060     141 (00005040)     _ECap4Regs

00005080     142 (00005080)     _ECap5Regs
000050a0     142 (00005080)     _ECap6Regs

00005100     144 (00005100)     _EQep1Regs

00005140     145 (00005140)     _EQep2Regs

00005180     146 (00005180)     _EQep3Regs

00005c00     170 (00005c00)     _DacaRegs
00005c10     170 (00005c00)     _DacbRegs
00005c20     170 (00005c00)     _DaccRegs

00005c80     172 (00005c80)     _Cmpss1Regs
00005ca0     172 (00005c80)     _Cmpss2Regs

00005cc0     173 (00005cc0)     _Cmpss3Regs
00005ce0     173 (00005cc0)     _Cmpss4Regs

00005d00     174 (00005d00)     _Cmpss5Regs
00005d20     174 (00005d00)     _Cmpss6Regs

00005d40     175 (00005d40)     _Cmpss7Regs
00005d60     175 (00005d40)     _Cmpss8Regs

00005e00     178 (00005e00)     _Sdfm1Regs

00005e80     17a (00005e80)     _Sdfm2Regs

00006000     180 (00006000)     _McbspaRegs

00006040     181 (00006040)     _McbspbRegs

00006100     184 (00006100)     _SpiaRegs
00006110     184 (00006100)     _SpibRegs
00006120     184 (00006100)     _SpicRegs

00006200     188 (00006200)     _UppRegs

00007000     1c0 (00007000)     _WdRegs

00007060     1c1 (00007040)     _NmiIntruptRegs
00007070     1c1 (00007040)     _XintRegs

00007200     1c8 (00007200)     _SciaRegs
00007210     1c8 (00007200)     _ScibRegs
00007220     1c8 (00007200)     _ScicRegs
00007230     1c8 (00007200)     _ScidRegs

00007300     1cc (00007300)     _I2caRegs

00007340     1cd (00007340)     _I2cbRegs

00007400     1d0 (00007400)     _AdcaRegs

00007480     1d2 (00007480)     _AdcbRegs

00007500     1d4 (00007500)     _AdccRegs

00007580     1d6 (00007580)     _AdcdRegs

00007900     1e4 (00007900)     _InputXbarRegs
00007920     1e4 (00007900)     _XbarRegs

00007940     1e5 (00007940)     _SyncSocRegs

00007980     1e6 (00007980)     _DmaClaSrcSelRegs

00007a00     1e8 (00007a00)     _EPwmXbarRegs

00007a80     1ea (00007a80)     _OutputXbarRegs

00007c00     1f0 (00007c00)     _GpioCtrlRegs

00007f00     1fc (00007f00)     _GpioDataRegs

0000b000     2c0 (0000b000)     _PieVectTableInit

0000b1e0     2c7 (0000b1c0)     _R
0000b1e4     2c7 (0000b1c0)     _Q
0000b1f6     2c7 (0000b1c0)     ___TI_enable_exit_profile_output
0000b1f8     2c7 (0000b1c0)     ___TI_cleanup_ptr
0000b1fa     2c7 (0000b1c0)     ___TI_dtors_ptr
0000b1fc     2c7 (0000b1c0)     __lock
0000b1fe     2c7 (0000b1c0)     __unlock

0000b200     2c8 (0000b200)     _clearTripFlagDMC
0000b201     2c8 (0000b200)     _Block_PWM
0000b202     2c8 (0000b200)     _lsw
0000b203     2c8 (0000b200)     _TripFlagDMC
0000b204     2c8 (0000b200)     _SpeedLoopCount
0000b205     2c8 (0000b200)     _SpeedLoopPrescaler
0000b206     2c8 (0000b200)     _RunMotor
0000b207     2c8 (0000b200)     _VVF_flag
0000b208     2c8 (0000b200)     _DA_C
0000b209     2c8 (0000b200)     _DA_B
0000b20a     2c8 (0000b200)     _volt_Qs
0000b20b     2c8 (0000b200)     _volt_Ds
0000b20c     2c8 (0000b200)     _Offset_counter
0000b20d     2c8 (0000b200)     _DA_A
0000b20e     2c8 (0000b200)     _IB_Offset
0000b210     2c8 (0000b200)     _K2
0000b212     2c8 (0000b200)     _Total_Voltage_Offset
0000b214     2c8 (0000b200)     _IC_Offset
0000b216     2c8 (0000b200)     _IA_Offset
0000b218     2c8 (0000b200)     _I_Ki_Test
0000b21a     2c8 (0000b200)     _S_Kp_Test
0000b21c     2c8 (0000b200)     _VqTesting
0000b21e     2c8 (0000b200)     _I_Kp_Test
0000b220     2c8 (0000b200)     _EQep_cont
0000b222     2c8 (0000b200)     _S_Ki_Test
0000b224     2c8 (0000b200)     _Us
0000b226     2c8 (0000b200)     _SpeedRef
0000b228     2c8 (0000b200)     _IdRef_lock
0000b22a     2c8 (0000b200)     _IdRef
0000b22c     2c8 (0000b200)     _IqRef
0000b22e     2c8 (0000b200)     _IqRef_run
0000b230     2c8 (0000b200)     _VdTesting
0000b232     2c8 (0000b200)     _IdRef_run
0000b234     2c8 (0000b200)     _IqRef_lock
0000b236     2c8 (0000b200)     _T
0000b238     2c8 (0000b200)     _K1
0000b23a     2c8 (0000b200)     _eQEP

0000b240     2c9 (0000b240)     _clarke1
0000b24a     2c9 (0000b240)     _pwm1
0000b254     2c9 (0000b240)     _rg1
0000b260     2c9 (0000b240)     _ipark1
0000b26e     2c9 (0000b240)     _park1

0000b280     2ca (0000b280)     _ePWM
0000b28e     2ca (0000b280)     _smo1_const
0000b29c     2ca (0000b280)     _eCAP
0000b2aa     2ca (0000b280)     _rc1

0000b2c0     2cb (0000b2c0)     _speed3
0000b2d2     2cb (0000b2c0)     _svgen1
0000b2e4     2cb (0000b2c0)     _qep1

0000b300     2cc (0000b300)     _speed1
0000b314     2cc (0000b300)     _volt1

0000b340     2cd (0000b340)     _pi_id
0000b358     2cd (0000b340)     _pi_iq

0000b380     2ce (0000b380)     _smo1

0000b3c0     2cf (0000b3c0)     _pid_spd
0000b3e8     2cf (0000b3c0)     _DAC_C
0000b3e9     2cf (0000b3c0)     _DAC_B
0000b3ea     2cf (0000b3c0)     _DAC_A
0000b3ec     2cf (0000b3c0)     _DAC_PTR
0000b3f4     2cf (0000b3c0)     _errno

00047000    11c0 (00047000)     _Emif1Regs

00047800    11e0 (00047800)     _Emif2Regs

00050000    1400 (00050000)     _IpcRegs
00050024    1400 (00050000)     _FlashPumpSemaphoreRegs

0005d000    1740 (0005d000)     _DevCfgRegs

0005d180    1746 (0005d180)     _AnalogSubsysRegs

0005d200    1748 (0005d200)     _ClkCfgRegs

0005d300    174c (0005d300)     _CpuSysRegs

0005e608    1798 (0005e600)     _RomPrefetchRegs

0005f000    17c0 (0005f000)     _DcsmZ1Regs

0005f040    17c1 (0005f040)     _DcsmZ2Regs
0005f070    17c1 (0005f040)     _DcsmCommonRegs

0005f400    17d0 (0005f400)     _MemCfgRegs

0005f480    17d2 (0005f480)     _Emif1ConfigRegs
0005f4a0    17d2 (0005f480)     _Emif2ConfigRegs

0005f4c0    17d3 (0005f4c0)     _AccessProtectionRegs

0005f500    17d4 (0005f500)     _MemoryErrorRegs

0005f540    17d5 (0005f540)     _RomWaitStateRegs

0005f800    17e0 (0005f800)     _Flash0CtrlRegs

0005fb00    17ec (0005fb00)     _Flash0EccRegs

00078000    1e00 (00078000)     _DcsmZ1Otp

00078200    1e08 (00078200)     _DcsmZ2Otp


GLOBAL SYMBOLS: SORTED ALPHABETICALLY BY Name 

page  address   name                                  
----  -------   ----                                  
abs   ffffffff  .text                                 
0     00009c25  C$$EXIT                               
0     00009a48  FS$$DIV                               
0     00009ce9  LL$$AND                               
0     00009cf1  LL$$OR                                
0     00009cf9  LL$$XOR                               
0     00008c1d  _ADCA1_ISR                            
0     00008c13  _ADCA2_ISR                            
0     00008c09  _ADCA3_ISR                            
0     00008bff  _ADCA4_ISR                            
0     00008bf5  _ADCA_EVT_ISR                         
0     00008beb  _ADCB1_ISR                            
0     00008be1  _ADCB2_ISR                            
0     00008bd7  _ADCB3_ISR                            
0     00008bcd  _ADCB4_ISR                            
0     00008bc3  _ADCB_EVT_ISR                         
0     00008bb9  _ADCC1_ISR                            
0     00008baf  _ADCC2_ISR                            
0     00008ba5  _ADCC3_ISR                            
0     00008b9b  _ADCC4_ISR                            
0     00008b91  _ADCC_EVT_ISR                         
0     00008b87  _ADCD1_ISR                            
0     00008b7d  _ADCD2_ISR                            
0     00008b73  _ADCD3_ISR                            
0     00008b69  _ADCD4_ISR                            
0     00008b5f  _ADCD_EVT_ISR                         
0     00008b55  _AUX_PLL_SLIP_ISR                     
1     0005f4c0  _AccessProtectionRegs                 
0     000099ab  _AdcSetMode                           
1     00007400  _AdcaRegs                             
1     00000b00  _AdcaResultRegs                       
1     00007480  _AdcbRegs                             
1     00000b20  _AdcbResultRegs                       
1     00007500  _AdccRegs                             
1     00000b40  _AdccResultRegs                       
1     00007580  _AdcdRegs                             
1     00000b60  _AdcdResultRegs                       
1     0005d180  _AnalogSubsysRegs                     
0     000091da  _AuxAuxClkSel                         
0     000091f5  _AuxIntOsc2Sel                        
0     000091e4  _AuxXtalOscSel                        
1     0000b201  _Block_PWM                            
0     00008b4b  _CANA0_ISR                            
0     00008b41  _CANA1_ISR                            
0     00008b37  _CANB0_ISR                            
0     00008b2d  _CANB1_ISR                            
0     00008b23  _CLA1_1_ISR                           
0     00008b19  _CLA1_2_ISR                           
0     00008b0f  _CLA1_3_ISR                           
0     00008b05  _CLA1_4_ISR                           
0     00008afb  _CLA1_5_ISR                           
0     00008af1  _CLA1_6_ISR                           
0     00008ae7  _CLA1_7_ISR                           
0     00008add  _CLA1_8_ISR                           
0     00008ad3  _CLA_OVERFLOW_ISR                     
0     00008ac9  _CLA_UNDERFLOW_ISR                    
0     00009973  _CalAdcINL                            
1     00001400  _Cla1Regs                             
0     00000ce0  _Cla1SoftIntRegs                      
1     0005d200  _ClkCfgRegs                           
1     00005c80  _Cmpss1Regs                           
1     00005ca0  _Cmpss2Regs                           
1     00005cc0  _Cmpss3Regs                           
1     00005ce0  _Cmpss4Regs                           
1     00005d00  _Cmpss5Regs                           
1     00005d20  _Cmpss6Regs                           
1     00005d40  _Cmpss7Regs                           
1     00005d60  _Cmpss8Regs                           
0     00009c04  _ConfigureDAC_single                  
0     00008dfa  _ConfigureEPwm                        
0     00008dbe  _ConfigureEQep                        
0     000094f7  _Configure_ADC                        
0     000094dc  _Configure_ADC_a                      
0     000094c1  _Configure_ADC_b                      
0     000094a6  _Configure_ADC_c                      
0     0000948b  _Configure_ADC_d                      
0     00009c1b  _Configure_DAC                        
0     00009b46  _Configure_Sci_A                      
1     0005d300  _CpuSysRegs                           
1     00000c00  _CpuTimer0Regs                        
1     00000c08  _CpuTimer1Regs                        
1     00000c10  _CpuTimer2Regs                        
0     000092f3  _CsmUnlock                            
1     0000b3ea  _DAC_A                                
1     0000b3e9  _DAC_B                                
1     0000b3e8  _DAC_C                                
0     00009bf9  _DAC_Output                           
1     0000b3ec  _DAC_PTR                              
0     00008abf  _DATALOG_ISR                          
1     0000b20d  _DA_A                                 
1     0000b209  _DA_B                                 
1     0000b208  _DA_C                                 
0     00008ab5  _DMA_CH1_ISR                          
0     00008aab  _DMA_CH2_ISR                          
0     00008aa1  _DMA_CH3_ISR                          
0     00008a97  _DMA_CH4_ISR                          
0     00008a8d  _DMA_CH5_ISR                          
0     00008a83  _DMA_CH6_ISR                          
1     00005c00  _DacaRegs                             
1     00005c10  _DacbRegs                             
1     00005c20  _DaccRegs                             
1     0005f070  _DcsmCommonRegs                       
1     00078000  _DcsmZ1Otp                            
1     0005f000  _DcsmZ1Regs                           
1     00078200  _DcsmZ2Otp                            
1     0005f040  _DcsmZ2Regs                           
1     0005d000  _DevCfgRegs                           
0     000090ed  _DisableDog                           
0     0000929d  _DisablePeripheralClocks              
1     00007980  _DmaClaSrcSelRegs                     
1     00001000  _DmaRegs                              
0     00008a79  _ECAP1_ISR                            
0     00008a6f  _ECAP2_ISR                            
0     00008a65  _ECAP3_ISR                            
0     00008a5b  _ECAP4_ISR                            
0     00008a51  _ECAP5_ISR                            
0     00008a47  _ECAP6_ISR                            
1     00005000  _ECap1Regs                            
1     00005020  _ECap2Regs                            
1     00005040  _ECap3Regs                            
1     00005060  _ECap4Regs                            
1     00005080  _ECap5Regs                            
1     000050a0  _ECap6Regs                            
0     00008a3d  _EMIF_ERROR_ISR                       
0     00008a30  _EMPTY_ISR                            
0     00008a26  _EMU_ISR                              
0     00008a1c  _EPWM10_ISR                           
0     00008a12  _EPWM10_TZ_ISR                        
0     00008a08  _EPWM11_ISR                           
0     000089fe  _EPWM11_TZ_ISR                        
0     000089f4  _EPWM12_ISR                           
0     000089ea  _EPWM12_TZ_ISR                        
0     000089e0  _EPWM1_ISR                            
0     000089d6  _EPWM1_TZ_ISR                         
0     000089cc  _EPWM2_ISR                            
0     000089c2  _EPWM2_TZ_ISR                         
0     000089b8  _EPWM3_ISR                            
0     000089ae  _EPWM3_TZ_ISR                         
0     000089a4  _EPWM4_ISR                            
0     0000899a  _EPWM4_TZ_ISR                         
0     00008990  _EPWM5_ISR                            
0     00008986  _EPWM5_TZ_ISR                         
0     0000897c  _EPWM6_ISR                            
0     00008972  _EPWM6_TZ_ISR                         
0     00008968  _EPWM7_ISR                            
0     0000895e  _EPWM7_TZ_ISR                         
0     00008954  _EPWM8_ISR                            
0     0000894a  _EPWM8_TZ_ISR                         
0     00008940  _EPWM9_ISR                            
0     00008936  _EPWM9_TZ_ISR                         
1     00004900  _EPwm10Regs                           
1     00004a00  _EPwm11Regs                           
1     00004b00  _EPwm12Regs                           
1     00004000  _EPwm1Regs                            
1     00004100  _EPwm2Regs                            
1     00004200  _EPwm3Regs                            
1     00004300  _EPwm4Regs                            
1     00004400  _EPwm5Regs                            
1     00004500  _EPwm6Regs                            
1     00004600  _EPwm7Regs                            
1     00004700  _EPwm8Regs                            
1     00004800  _EPwm9Regs                            
1     00007a00  _EPwmXbarRegs                         
0     0000892c  _EQEP1_ISR                            
0     00008922  _EQEP2_ISR                            
0     00008918  _EQEP3_ISR                            
1     00005100  _EQep1Regs                            
1     00005140  _EQep2Regs                            
1     00005180  _EQep3Regs                            
1     0000b220  _EQep_cont                            
1     0005f480  _Emif1ConfigRegs                      
1     00047000  _Emif1Regs                            
1     0005f4a0  _Emif2ConfigRegs                      
1     00047800  _Emif2Regs                            
1     00000d01  _EmuBMode                             
1     00000d00  _EmuKey                               
0     00009c6d  _EnableInterrupts                     
0     00009468  _EnableTZ                             
0     0000026c  _F28x_usDelay                         
0     0000890e  _FLASH_CORRECTABLE_ERROR_ISR          
0     00008904  _FPU_OVERFLOW_ISR                     
0     000088fa  _FPU_UNDERFLOW_ISR                    
1     0005f800  _Flash0CtrlRegs                       
1     0005fb00  _Flash0EccRegs                        
1     00050024  _FlashPumpSemaphoreRegs               
0     000096bb  _GPIO_EnableUnbondedIOPullups         
0     00009696  _GPIO_EnableUnbondedIOPullupsFor100Pin
0     0000967d  _GPIO_EnableUnbondedIOPullupsFor176Pin
0     00009669  _GPIO_ReadPin                         
0     00009648  _GPIO_SetupLock                       
0     000095f3  _GPIO_SetupPinMux                     
0     00009578  _GPIO_SetupPinOptions                 
0     00009571  _GPIO_SetupXINT1Gpio                  
0     0000956a  _GPIO_SetupXINT2Gpio                  
0     00009563  _GPIO_SetupXINT3Gpio                  
0     0000955c  _GPIO_SetupXINT4Gpio                  
0     00009555  _GPIO_SetupXINT5Gpio                  
0     0000953b  _GPIO_WritePin                        
1     00007c00  _GpioCtrlRegs                         
1     00007f00  _GpioDataRegs                         
0     000092da  _HALT                                 
0     000092bb  _HIB                                  
0     000088f0  _I2CA_FIFO_ISR                        
0     000088e6  _I2CA_ISR                             
0     000088dc  _I2CB_FIFO_ISR                        
0     000088d2  _I2CB_ISR                             
1     00007300  _I2caRegs                             
1     00007340  _I2cbRegs                             
1     0000b216  _IA_Offset                            
1     0000b20e  _IB_Offset                            
1     0000b214  _IC_Offset                            
0     00009294  _IDLE                                 
0     000088c8  _ILLEGAL_ISR                          
0     000088be  _IPC0_ISR                             
0     000088b4  _IPC1_ISR                             
0     000088aa  _IPC2_ISR                             
0     000088a0  _IPC3_ISR                             
1     0000b218  _I_Ki_Test                            
1     0000b21e  _I_Kp_Test                            
1     0000b22a  _IdRef                                
1     0000b228  _IdRef_lock                           
1     0000b232  _IdRef_run                            
0     00009461  _InitADC                              
0     0000941b  _InitADC_A                            
0     000093ba  _InitADC_B                            
0     00009368  _InitADC_C                            
0     00009314  _InitADC_D                            
0     00009202  _InitAuxPll                           
0     000003a3  _InitEPwm10Gpio                       
0     00000387  _InitEPwm11Gpio                       
0     0000036a  _InitEPwm12Gpio                       
0     00000270  _InitEPwm1Gpio                        
0     0000028a  _InitEPwm2Gpio                        
0     000002a5  _InitEPwm3Gpio                        
0     000002c1  _InitEPwm4Gpio                        
0     000002de  _InitEPwm5Gpio                        
0     000002f8  _InitEPwm6Gpio                        
0     00000352  _InitEPwm7Gpio                        
0     0000033a  _InitEPwm8Gpio                        
0     00000320  _InitEPwm9Gpio                        
0     00000313  _InitEPwmGpio                         
0     000003be  _InitEQep1Gpio                        
0     00009500  _InitGpio                             
0     000090fa  _InitPeripheralClocks                 
0     00009c4e  _InitPieCtrl                          
0     00009d01  _InitPieVectTable                     
0     00009b2e  _InitSciaGPIO                         
0     000091a3  _InitSysCtrl                          
0     00009066  _InitSysPll                           
1     00007900  _InputXbarRegs                        
1     00050000  _IpcRegs                              
1     0000b22c  _IqRef                                
1     0000b234  _IqRef_lock                           
1     0000b22e  _IqRef_run                            
1     0000b238  _K1                                   
1     0000b210  _K2                                   
0     00008896  _MCBSPA_RX_ISR                        
0     0000888c  _MCBSPA_TX_ISR                        
0     00008882  _MCBSPB_RX_ISR                        
0     00008878  _MCBSPB_TX_ISR                        
0     000080b0  _MainISR                              
1     00006000  _McbspaRegs                           
1     00006040  _McbspbRegs                           
1     0005f400  _MemCfgRegs                           
1     0005f500  _MemoryErrorRegs                      
0     0000886e  _NMI_ISR                              
0     00008864  _NOTUSED_ISR                          
1     00007060  _NmiIntruptRegs                       
0     00008000  _OffsetISR                            
1     0000b20c  _Offset_counter                       
0     00008d5f  _OneShot_Protection                   
1     00007a80  _OutputXbarRegs                       
0     0000885a  _PIE_RESERVED_ISR                     
1     00000ce0  _PieCtrlRegs                          
1     00000d00  _PieVectTable                         
1     0000b000  _PieVectTableInit                     
0     00008cc3  _PosEncoderSuite                      
1     0000b1e4  _Q                                    
1     0000b1e0  _R                                    
0     00008850  _RAM_ACCESS_VIOLATION_ISR             
0     00008846  _RAM_CORRECTABLE_ERROR_ISR            
0     0000883c  _RTOS_ISR                             
0     0000905c  _ReleaseFlashPump                     
1     0005e608  _RomPrefetchRegs                      
1     0005f540  _RomWaitStateRegs                     
1     0000b206  _RunMotor                             
0     00008832  _SCIA_RX_ISR                          
0     00008828  _SCIA_TX_ISR                          
0     0000881e  _SCIB_RX_ISR                          
0     00008814  _SCIB_TX_ISR                          
0     0000880a  _SCIC_RX_ISR                          
0     00008800  _SCIC_TX_ISR                          
0     000087f6  _SCID_RX_ISR                          
0     000087ec  _SCID_TX_ISR                          
0     000087e2  _SD1_ISR                              
0     000087d8  _SD2_ISR                              
0     000087ce  _SPIA_RX_ISR                          
0     000087c4  _SPIA_TX_ISR                          
0     000087ba  _SPIB_RX_ISR                          
0     000087b0  _SPIB_TX_ISR                          
0     000087a6  _SPIC_RX_ISR                          
0     0000879c  _SPIC_TX_ISR                          
0     00009051  _STANDBY                              
0     00008792  _SYS_PLL_SLIP_ISR                     
1     0000b222  _S_Ki_Test                            
1     0000b21a  _S_Kp_Test                            
1     00007200  _SciaRegs                             
1     00007210  _ScibRegs                             
1     00007220  _ScicRegs                             
1     00007230  _ScidRegs                             
1     00005e00  _Sdfm1Regs                            
1     00005e80  _Sdfm2Regs                            
0     00009042  _SeizeFlashPump                       
0     00009034  _ServiceDog                           
1     0000b204  _SpeedLoopCount                       
1     0000b205  _SpeedLoopPrescaler                   
1     0000b226  _SpeedRef                             
1     00006100  _SpiaRegs                             
1     00006110  _SpibRegs                             
1     00006120  _SpicRegs                             
1     00007940  _SyncSocRegs                          
0     0000902a  _SysIntOsc1Sel                        
0     00009020  _SysIntOsc2Sel                        
0     00009014  _SysXtalOscSel                        
1     0000b236  _T                                    
0     00008788  _TIMER0_ISR                           
0     0000877e  _TIMER1_ISR                           
0     00008774  _TIMER2_ISR                           
1     0000b212  _Total_Voltage_Offset                 
1     0000b203  _TripFlagDMC                          
0     0000876a  _UPPA_ISR                             
0     00008760  _USBA_ISR                             
0     00008756  _USER10_ISR                           
0     0000874c  _USER11_ISR                           
0     00008742  _USER12_ISR                           
0     00008738  _USER1_ISR                            
0     0000872e  _USER2_ISR                            
0     00008724  _USER3_ISR                            
0     0000871a  _USER4_ISR                            
0     00008710  _USER5_ISR                            
0     00008706  _USER6_ISR                            
0     000086fc  _USER7_ISR                            
0     000086f2  _USER8_ISR                            
0     000086e8  _USER9_ISR                            
1     00006200  _UppRegs                              
1     0000b224  _Us                                   
0     000086de  _VCU_ISR                              
1     0000b207  _VVF_flag                             
1     0000b230  _VdTesting                            
1     0000b21c  _VqTesting                            
0     000086d4  _WAKE_ISR                             
1     00007000  _WdRegs                               
0     000086ca  _XINT1_ISR                            
0     000086c0  _XINT2_ISR                            
0     000086b6  _XINT3_ISR                            
0     000086ac  _XINT4_ISR                            
0     000086a2  _XINT5_ISR                            
1     00007920  _XbarRegs                             
1     00007070  _XintRegs                             
1     00000600  __STACK_END                           
abs   00000200  __STACK_SIZE                          
1     0000b1f8  ___TI_cleanup_ptr                     
1     0000b1fa  ___TI_dtors_ptr                       
1     0000b1f6  ___TI_enable_exit_profile_output      
abs   ffffffff  ___TI_pprof_out_hndl                  
abs   ffffffff  ___TI_prof_data_size                  
abs   ffffffff  ___TI_prof_data_start                 
abs   ffffffff  ___binit__                            
abs   ffffffff  ___c_args__                           
0     00000002  ___cinit__                            
abs   ffffffff  ___etext__                            
abs   ffffffff  ___pinit__                            
abs   ffffffff  ___text__                             
0     00009cb7  __args_main                           
1     0000b1fc  __lock                                
0     00009d1b  __nop                                 
0     00009d17  __register_lock                       
0     00009d13  __register_unlock                     
1     00000400  __stack                               
0     000003ff  __system_post_cinit                   
0     000003fd  __system_pre_init                     
1     0000b1fe  __unlock                              
0     00009c25  _abort                                
0     00009ba3  _c_int00                              
1     0000b240  _clarke1                              
1     0000b200  _clearTripFlagDMC                     
0     00009c76  _copy_in                              
1     0000b29c  _eCAP                                 
1     0000b280  _ePWM                                 
1     0000b23a  _eQEP                                 
0     000003f1  _epilog_c28x_1                        
0     000003f5  _epilog_c28x_2                        
1     0000b3f4  _errno                                
0     00009c27  _exit                                 
0     00009862  _exp                                  
0     00009862  _expf                                 
0     00009b4b  _floor                                
0     00009b4b  _floorf                               
1     0000b260  _ipark1                               
1     0000b202  _lsw                                  
0     000096cb  _main                                 
0     00009c9a  _memcpy                               
1     0000b26e  _park1                                
1     0000b340  _pi_id                                
1     0000b358  _pi_iq                                
1     0000b3c0  _pid_spd                              
0     00009cd0  _prolog_c28x_1                        
0     00009cd4  _prolog_c28x_2                        
0     00009cdc  _prolog_c28x_3                        
1     0000b24a  _pwm1                                 
1     0000b2e4  _qep1                                 
0     00008ca8  _ramper                               
1     0000b2aa  _rc1                                  
0     00008c27  _reset_pull_up                        
1     0000b254  _rg1                                  
0     00009b17  _scia_init_fifo                       
0     00009ad0  _scia_ximt                            
0     00009ad7  _shanwai_sci                          
1     0000b380  _smo1                                 
1     0000b28e  _smo1_const                           
1     0000b300  _speed1                               
1     0000b2c0  _speed3                               
1     0000b2d2  _svgen1                               
1     0000b314  _volt1                                
1     0000b20b  _volt_Ds                              
1     0000b20a  _volt_Qs                              
abs   ffffffff  binit                                 
0     00000002  cinit                                 
0     00000000  code_start                            
abs   ffffffff  etext                                 
abs   ffffffff  pinit                                 


GLOBAL SYMBOLS: SORTED BY Symbol Address 

page  address   name                                  
----  -------   ----                                  
0     00000000  code_start                            
0     00000002  ___cinit__                            
0     00000002  cinit                                 
0     0000026c  _F28x_usDelay                         
0     00000270  _InitEPwm1Gpio                        
0     0000028a  _InitEPwm2Gpio                        
0     000002a5  _InitEPwm3Gpio                        
0     000002c1  _InitEPwm4Gpio                        
0     000002de  _InitEPwm5Gpio                        
0     000002f8  _InitEPwm6Gpio                        
0     00000313  _InitEPwmGpio                         
0     00000320  _InitEPwm9Gpio                        
0     0000033a  _InitEPwm8Gpio                        
0     00000352  _InitEPwm7Gpio                        
0     0000036a  _InitEPwm12Gpio                       
0     00000387  _InitEPwm11Gpio                       
0     000003a3  _InitEPwm10Gpio                       
0     000003be  _InitEQep1Gpio                        
0     000003f1  _epilog_c28x_1                        
0     000003f5  _epilog_c28x_2                        
0     000003fd  __system_pre_init                     
0     000003ff  __system_post_cinit                   
0     00000ce0  _Cla1SoftIntRegs                      
0     00008000  _OffsetISR                            
0     000080b0  _MainISR                              
0     000086a2  _XINT5_ISR                            
0     000086ac  _XINT4_ISR                            
0     000086b6  _XINT3_ISR                            
0     000086c0  _XINT2_ISR                            
0     000086ca  _XINT1_ISR                            
0     000086d4  _WAKE_ISR                             
0     000086de  _VCU_ISR                              
0     000086e8  _USER9_ISR                            
0     000086f2  _USER8_ISR                            
0     000086fc  _USER7_ISR                            
0     00008706  _USER6_ISR                            
0     00008710  _USER5_ISR                            
0     0000871a  _USER4_ISR                            
0     00008724  _USER3_ISR                            
0     0000872e  _USER2_ISR                            
0     00008738  _USER1_ISR                            
0     00008742  _USER12_ISR                           
0     0000874c  _USER11_ISR                           
0     00008756  _USER10_ISR                           
0     00008760  _USBA_ISR                             
0     0000876a  _UPPA_ISR                             
0     00008774  _TIMER2_ISR                           
0     0000877e  _TIMER1_ISR                           
0     00008788  _TIMER0_ISR                           
0     00008792  _SYS_PLL_SLIP_ISR                     
0     0000879c  _SPIC_TX_ISR                          
0     000087a6  _SPIC_RX_ISR                          
0     000087b0  _SPIB_TX_ISR                          
0     000087ba  _SPIB_RX_ISR                          
0     000087c4  _SPIA_TX_ISR                          
0     000087ce  _SPIA_RX_ISR                          
0     000087d8  _SD2_ISR                              
0     000087e2  _SD1_ISR                              
0     000087ec  _SCID_TX_ISR                          
0     000087f6  _SCID_RX_ISR                          
0     00008800  _SCIC_TX_ISR                          
0     0000880a  _SCIC_RX_ISR                          
0     00008814  _SCIB_TX_ISR                          
0     0000881e  _SCIB_RX_ISR                          
0     00008828  _SCIA_TX_ISR                          
0     00008832  _SCIA_RX_ISR                          
0     0000883c  _RTOS_ISR                             
0     00008846  _RAM_CORRECTABLE_ERROR_ISR            
0     00008850  _RAM_ACCESS_VIOLATION_ISR             
0     0000885a  _PIE_RESERVED_ISR                     
0     00008864  _NOTUSED_ISR                          
0     0000886e  _NMI_ISR                              
0     00008878  _MCBSPB_TX_ISR                        
0     00008882  _MCBSPB_RX_ISR                        
0     0000888c  _MCBSPA_TX_ISR                        
0     00008896  _MCBSPA_RX_ISR                        
0     000088a0  _IPC3_ISR                             
0     000088aa  _IPC2_ISR                             
0     000088b4  _IPC1_ISR                             
0     000088be  _IPC0_ISR                             
0     000088c8  _ILLEGAL_ISR                          
0     000088d2  _I2CB_ISR                             
0     000088dc  _I2CB_FIFO_ISR                        
0     000088e6  _I2CA_ISR                             
0     000088f0  _I2CA_FIFO_ISR                        
0     000088fa  _FPU_UNDERFLOW_ISR                    
0     00008904  _FPU_OVERFLOW_ISR                     
0     0000890e  _FLASH_CORRECTABLE_ERROR_ISR          
0     00008918  _EQEP3_ISR                            
0     00008922  _EQEP2_ISR                            
0     0000892c  _EQEP1_ISR                            
0     00008936  _EPWM9_TZ_ISR                         
0     00008940  _EPWM9_ISR                            
0     0000894a  _EPWM8_TZ_ISR                         
0     00008954  _EPWM8_ISR                            
0     0000895e  _EPWM7_TZ_ISR                         
0     00008968  _EPWM7_ISR                            
0     00008972  _EPWM6_TZ_ISR                         
0     0000897c  _EPWM6_ISR                            
0     00008986  _EPWM5_TZ_ISR                         
0     00008990  _EPWM5_ISR                            
0     0000899a  _EPWM4_TZ_ISR                         
0     000089a4  _EPWM4_ISR                            
0     000089ae  _EPWM3_TZ_ISR                         
0     000089b8  _EPWM3_ISR                            
0     000089c2  _EPWM2_TZ_ISR                         
0     000089cc  _EPWM2_ISR                            
0     000089d6  _EPWM1_TZ_ISR                         
0     000089e0  _EPWM1_ISR                            
0     000089ea  _EPWM12_TZ_ISR                        
0     000089f4  _EPWM12_ISR                           
0     000089fe  _EPWM11_TZ_ISR                        
0     00008a08  _EPWM11_ISR                           
0     00008a12  _EPWM10_TZ_ISR                        
0     00008a1c  _EPWM10_ISR                           
0     00008a26  _EMU_ISR                              
0     00008a30  _EMPTY_ISR                            
0     00008a3d  _EMIF_ERROR_ISR                       
0     00008a47  _ECAP6_ISR                            
0     00008a51  _ECAP5_ISR                            
0     00008a5b  _ECAP4_ISR                            
0     00008a65  _ECAP3_ISR                            
0     00008a6f  _ECAP2_ISR                            
0     00008a79  _ECAP1_ISR                            
0     00008a83  _DMA_CH6_ISR                          
0     00008a8d  _DMA_CH5_ISR                          
0     00008a97  _DMA_CH4_ISR                          
0     00008aa1  _DMA_CH3_ISR                          
0     00008aab  _DMA_CH2_ISR                          
0     00008ab5  _DMA_CH1_ISR                          
0     00008abf  _DATALOG_ISR                          
0     00008ac9  _CLA_UNDERFLOW_ISR                    
0     00008ad3  _CLA_OVERFLOW_ISR                     
0     00008add  _CLA1_8_ISR                           
0     00008ae7  _CLA1_7_ISR                           
0     00008af1  _CLA1_6_ISR                           
0     00008afb  _CLA1_5_ISR                           
0     00008b05  _CLA1_4_ISR                           
0     00008b0f  _CLA1_3_ISR                           
0     00008b19  _CLA1_2_ISR                           
0     00008b23  _CLA1_1_ISR                           
0     00008b2d  _CANB1_ISR                            
0     00008b37  _CANB0_ISR                            
0     00008b41  _CANA1_ISR                            
0     00008b4b  _CANA0_ISR                            
0     00008b55  _AUX_PLL_SLIP_ISR                     
0     00008b5f  _ADCD_EVT_ISR                         
0     00008b69  _ADCD4_ISR                            
0     00008b73  _ADCD3_ISR                            
0     00008b7d  _ADCD2_ISR                            
0     00008b87  _ADCD1_ISR                            
0     00008b91  _ADCC_EVT_ISR                         
0     00008b9b  _ADCC4_ISR                            
0     00008ba5  _ADCC3_ISR                            
0     00008baf  _ADCC2_ISR                            
0     00008bb9  _ADCC1_ISR                            
0     00008bc3  _ADCB_EVT_ISR                         
0     00008bcd  _ADCB4_ISR                            
0     00008bd7  _ADCB3_ISR                            
0     00008be1  _ADCB2_ISR                            
0     00008beb  _ADCB1_ISR                            
0     00008bf5  _ADCA_EVT_ISR                         
0     00008bff  _ADCA4_ISR                            
0     00008c09  _ADCA3_ISR                            
0     00008c13  _ADCA2_ISR                            
0     00008c1d  _ADCA1_ISR                            
0     00008c27  _reset_pull_up                        
0     00008ca8  _ramper                               
0     00008cc3  _PosEncoderSuite                      
0     00008d5f  _OneShot_Protection                   
0     00008dbe  _ConfigureEQep                        
0     00008dfa  _ConfigureEPwm                        
0     00009014  _SysXtalOscSel                        
0     00009020  _SysIntOsc2Sel                        
0     0000902a  _SysIntOsc1Sel                        
0     00009034  _ServiceDog                           
0     00009042  _SeizeFlashPump                       
0     00009051  _STANDBY                              
0     0000905c  _ReleaseFlashPump                     
0     00009066  _InitSysPll                           
0     000090ed  _DisableDog                           
0     000090fa  _InitPeripheralClocks                 
0     000091a3  _InitSysCtrl                          
0     000091da  _AuxAuxClkSel                         
0     000091e4  _AuxXtalOscSel                        
0     000091f5  _AuxIntOsc2Sel                        
0     00009202  _InitAuxPll                           
0     00009294  _IDLE                                 
0     0000929d  _DisablePeripheralClocks              
0     000092bb  _HIB                                  
0     000092da  _HALT                                 
0     000092f3  _CsmUnlock                            
0     00009314  _InitADC_D                            
0     00009368  _InitADC_C                            
0     000093ba  _InitADC_B                            
0     0000941b  _InitADC_A                            
0     00009461  _InitADC                              
0     00009468  _EnableTZ                             
0     0000948b  _Configure_ADC_d                      
0     000094a6  _Configure_ADC_c                      
0     000094c1  _Configure_ADC_b                      
0     000094dc  _Configure_ADC_a                      
0     000094f7  _Configure_ADC                        
0     00009500  _InitGpio                             
0     0000953b  _GPIO_WritePin                        
0     00009555  _GPIO_SetupXINT5Gpio                  
0     0000955c  _GPIO_SetupXINT4Gpio                  
0     00009563  _GPIO_SetupXINT3Gpio                  
0     0000956a  _GPIO_SetupXINT2Gpio                  
0     00009571  _GPIO_SetupXINT1Gpio                  
0     00009578  _GPIO_SetupPinOptions                 
0     000095f3  _GPIO_SetupPinMux                     
0     00009648  _GPIO_SetupLock                       
0     00009669  _GPIO_ReadPin                         
0     0000967d  _GPIO_EnableUnbondedIOPullupsFor176Pin
0     00009696  _GPIO_EnableUnbondedIOPullupsFor100Pin
0     000096bb  _GPIO_EnableUnbondedIOPullups         
0     000096cb  _main                                 
0     00009862  _exp                                  
0     00009862  _expf                                 
0     00009973  _CalAdcINL                            
0     000099ab  _AdcSetMode                           
0     00009a48  FS$$DIV                               
0     00009ad0  _scia_ximt                            
0     00009ad7  _shanwai_sci                          
0     00009b17  _scia_init_fifo                       
0     00009b2e  _InitSciaGPIO                         
0     00009b46  _Configure_Sci_A                      
0     00009b4b  _floor                                
0     00009b4b  _floorf                               
0     00009ba3  _c_int00                              
0     00009bf9  _DAC_Output                           
0     00009c04  _ConfigureDAC_single                  
0     00009c1b  _Configure_DAC                        
0     00009c25  C$$EXIT                               
0     00009c25  _abort                                
0     00009c27  _exit                                 
0     00009c4e  _InitPieCtrl                          
0     00009c6d  _EnableInterrupts                     
0     00009c76  _copy_in                              
0     00009c9a  _memcpy                               
0     00009cb7  __args_main                           
0     00009cd0  _prolog_c28x_1                        
0     00009cd4  _prolog_c28x_2                        
0     00009cdc  _prolog_c28x_3                        
0     00009ce9  LL$$AND                               
0     00009cf1  LL$$OR                                
0     00009cf9  LL$$XOR                               
0     00009d01  _InitPieVectTable                     
0     00009d13  __register_unlock                     
0     00009d17  __register_lock                       
0     00009d1b  __nop                                 
1     00000400  __stack                               
1     00000600  __STACK_END                           
1     00000b00  _AdcaResultRegs                       
1     00000b20  _AdcbResultRegs                       
1     00000b40  _AdccResultRegs                       
1     00000b60  _AdcdResultRegs                       
1     00000c00  _CpuTimer0Regs                        
1     00000c08  _CpuTimer1Regs                        
1     00000c10  _CpuTimer2Regs                        
1     00000ce0  _PieCtrlRegs                          
1     00000d00  _EmuKey                               
1     00000d00  _PieVectTable                         
1     00000d01  _EmuBMode                             
1     00001000  _DmaRegs                              
1     00001400  _Cla1Regs                             
1     00004000  _EPwm1Regs                            
1     00004100  _EPwm2Regs                            
1     00004200  _EPwm3Regs                            
1     00004300  _EPwm4Regs                            
1     00004400  _EPwm5Regs                            
1     00004500  _EPwm6Regs                            
1     00004600  _EPwm7Regs                            
1     00004700  _EPwm8Regs                            
1     00004800  _EPwm9Regs                            
1     00004900  _EPwm10Regs                           
1     00004a00  _EPwm11Regs                           
1     00004b00  _EPwm12Regs                           
1     00005000  _ECap1Regs                            
1     00005020  _ECap2Regs                            
1     00005040  _ECap3Regs                            
1     00005060  _ECap4Regs                            
1     00005080  _ECap5Regs                            
1     000050a0  _ECap6Regs                            
1     00005100  _EQep1Regs                            
1     00005140  _EQep2Regs                            
1     00005180  _EQep3Regs                            
1     00005c00  _DacaRegs                             
1     00005c10  _DacbRegs                             
1     00005c20  _DaccRegs                             
1     00005c80  _Cmpss1Regs                           
1     00005ca0  _Cmpss2Regs                           
1     00005cc0  _Cmpss3Regs                           
1     00005ce0  _Cmpss4Regs                           
1     00005d00  _Cmpss5Regs                           
1     00005d20  _Cmpss6Regs                           
1     00005d40  _Cmpss7Regs                           
1     00005d60  _Cmpss8Regs                           
1     00005e00  _Sdfm1Regs                            
1     00005e80  _Sdfm2Regs                            
1     00006000  _McbspaRegs                           
1     00006040  _McbspbRegs                           
1     00006100  _SpiaRegs                             
1     00006110  _SpibRegs                             
1     00006120  _SpicRegs                             
1     00006200  _UppRegs                              
1     00007000  _WdRegs                               
1     00007060  _NmiIntruptRegs                       
1     00007070  _XintRegs                             
1     00007200  _SciaRegs                             
1     00007210  _ScibRegs                             
1     00007220  _ScicRegs                             
1     00007230  _ScidRegs                             
1     00007300  _I2caRegs                             
1     00007340  _I2cbRegs                             
1     00007400  _AdcaRegs                             
1     00007480  _AdcbRegs                             
1     00007500  _AdccRegs                             
1     00007580  _AdcdRegs                             
1     00007900  _InputXbarRegs                        
1     00007920  _XbarRegs                             
1     00007940  _SyncSocRegs                          
1     00007980  _DmaClaSrcSelRegs                     
1     00007a00  _EPwmXbarRegs                         
1     00007a80  _OutputXbarRegs                       
1     00007c00  _GpioCtrlRegs                         
1     00007f00  _GpioDataRegs                         
1     0000b000  _PieVectTableInit                     
1     0000b1e0  _R                                    
1     0000b1e4  _Q                                    
1     0000b1f6  ___TI_enable_exit_profile_output      
1     0000b1f8  ___TI_cleanup_ptr                     
1     0000b1fa  ___TI_dtors_ptr                       
1     0000b1fc  __lock                                
1     0000b1fe  __unlock                              
1     0000b200  _clearTripFlagDMC                     
1     0000b201  _Block_PWM                            
1     0000b202  _lsw                                  
1     0000b203  _TripFlagDMC                          
1     0000b204  _SpeedLoopCount                       
1     0000b205  _SpeedLoopPrescaler                   
1     0000b206  _RunMotor                             
1     0000b207  _VVF_flag                             
1     0000b208  _DA_C                                 
1     0000b209  _DA_B                                 
1     0000b20a  _volt_Qs                              
1     0000b20b  _volt_Ds                              
1     0000b20c  _Offset_counter                       
1     0000b20d  _DA_A                                 
1     0000b20e  _IB_Offset                            
1     0000b210  _K2                                   
1     0000b212  _Total_Voltage_Offset                 
1     0000b214  _IC_Offset                            
1     0000b216  _IA_Offset                            
1     0000b218  _I_Ki_Test                            
1     0000b21a  _S_Kp_Test                            
1     0000b21c  _VqTesting                            
1     0000b21e  _I_Kp_Test                            
1     0000b220  _EQep_cont                            
1     0000b222  _S_Ki_Test                            
1     0000b224  _Us                                   
1     0000b226  _SpeedRef                             
1     0000b228  _IdRef_lock                           
1     0000b22a  _IdRef                                
1     0000b22c  _IqRef                                
1     0000b22e  _IqRef_run                            
1     0000b230  _VdTesting                            
1     0000b232  _IdRef_run                            
1     0000b234  _IqRef_lock                           
1     0000b236  _T                                    
1     0000b238  _K1                                   
1     0000b23a  _eQEP                                 
1     0000b240  _clarke1                              
1     0000b24a  _pwm1                                 
1     0000b254  _rg1                                  
1     0000b260  _ipark1                               
1     0000b26e  _park1                                
1     0000b280  _ePWM                                 
1     0000b28e  _smo1_const                           
1     0000b29c  _eCAP                                 
1     0000b2aa  _rc1                                  
1     0000b2c0  _speed3                               
1     0000b2d2  _svgen1                               
1     0000b2e4  _qep1                                 
1     0000b300  _speed1                               
1     0000b314  _volt1                                
1     0000b340  _pi_id                                
1     0000b358  _pi_iq                                
1     0000b380  _smo1                                 
1     0000b3c0  _pid_spd                              
1     0000b3e8  _DAC_C                                
1     0000b3e9  _DAC_B                                
1     0000b3ea  _DAC_A                                
1     0000b3ec  _DAC_PTR                              
1     0000b3f4  _errno                                
1     00047000  _Emif1Regs                            
1     00047800  _Emif2Regs                            
1     00050000  _IpcRegs                              
1     00050024  _FlashPumpSemaphoreRegs               
1     0005d000  _DevCfgRegs                           
1     0005d180  _AnalogSubsysRegs                     
1     0005d200  _ClkCfgRegs                           
1     0005d300  _CpuSysRegs                           
1     0005e608  _RomPrefetchRegs                      
1     0005f000  _DcsmZ1Regs                           
1     0005f040  _DcsmZ2Regs                           
1     0005f070  _DcsmCommonRegs                       
1     0005f400  _MemCfgRegs                           
1     0005f480  _Emif1ConfigRegs                      
1     0005f4a0  _Emif2ConfigRegs                      
1     0005f4c0  _AccessProtectionRegs                 
1     0005f500  _MemoryErrorRegs                      
1     0005f540  _RomWaitStateRegs                     
1     0005f800  _Flash0CtrlRegs                       
1     0005fb00  _Flash0EccRegs                        
1     00078000  _DcsmZ1Otp                            
1     00078200  _DcsmZ2Otp                            
abs   00000200  __STACK_SIZE                          
abs   ffffffff  .text                                 
abs   ffffffff  ___TI_pprof_out_hndl                  
abs   ffffffff  ___TI_prof_data_size                  
abs   ffffffff  ___TI_prof_data_start                 
abs   ffffffff  ___binit__                            
abs   ffffffff  ___c_args__                           
abs   ffffffff  ___etext__                            
abs   ffffffff  ___pinit__                            
abs   ffffffff  ___text__                             
abs   ffffffff  binit                                 
abs   ffffffff  etext                                 
abs   ffffffff  pinit                                 

[431 symbols]
