<?xml version="1.0" encoding="ISO-8859-1" ?>
<link_info>
   <banner>TMS320C2000 Linker PC v18.1.4.LTS</banner>
   <copyright>Copyright (c) 1996-2018 Texas Instruments Incorporated</copyright>
   <link_time>0x5d69ddaa</link_time>
   <link_errors>0x0</link_errors>
   <output_file>L_high_speed_PMSM.out</output_file>
   <entry_point>
      <name>_c_int00</name>
      <address>0x9ba3</address>
   </entry_point>
   <input_file_list>
      <input_file id="fl-2">
         <path>.\</path>
         <kind>object</kind>
         <file>main.obj</file>
         <name>main.obj</name>
      </input_file>
      <input_file id="fl-3">
         <path>.\source\</path>
         <kind>object</kind>
         <file>F2837xD_Adc.obj</file>
         <name>F2837xD_Adc.obj</name>
      </input_file>
      <input_file id="fl-4">
         <path>.\source\</path>
         <kind>object</kind>
         <file>F2837xD_CodeStartBranch.obj</file>
         <name>F2837xD_CodeStartBranch.obj</name>
      </input_file>
      <input_file id="fl-5">
         <path>.\source\</path>
         <kind>object</kind>
         <file>F2837xD_DefaultISR.obj</file>
         <name>F2837xD_DefaultISR.obj</name>
      </input_file>
      <input_file id="fl-6">
         <path>.\source\</path>
         <kind>object</kind>
         <file>F2837xD_EPwm.obj</file>
         <name>F2837xD_EPwm.obj</name>
      </input_file>
      <input_file id="fl-7">
         <path>.\source\</path>
         <kind>object</kind>
         <file>F2837xD_EQep.obj</file>
         <name>F2837xD_EQep.obj</name>
      </input_file>
      <input_file id="fl-8">
         <path>.\source\</path>
         <kind>object</kind>
         <file>F2837xD_GlobalVariableDefs.obj</file>
         <name>F2837xD_GlobalVariableDefs.obj</name>
      </input_file>
      <input_file id="fl-9">
         <path>.\source\</path>
         <kind>object</kind>
         <file>F2837xD_Gpio.obj</file>
         <name>F2837xD_Gpio.obj</name>
      </input_file>
      <input_file id="fl-a">
         <path>.\source\</path>
         <kind>object</kind>
         <file>F2837xD_Ipc.obj</file>
         <name>F2837xD_Ipc.obj</name>
      </input_file>
      <input_file id="fl-b">
         <path>.\source\</path>
         <kind>object</kind>
         <file>F2837xD_Ipc_Driver_Util.obj</file>
         <name>F2837xD_Ipc_Driver_Util.obj</name>
      </input_file>
      <input_file id="fl-c">
         <path>.\source\</path>
         <kind>object</kind>
         <file>F2837xD_PieCtrl.obj</file>
         <name>F2837xD_PieCtrl.obj</name>
      </input_file>
      <input_file id="fl-d">
         <path>.\source\</path>
         <kind>object</kind>
         <file>F2837xD_PieVect.obj</file>
         <name>F2837xD_PieVect.obj</name>
      </input_file>
      <input_file id="fl-e">
         <path>.\source\</path>
         <kind>object</kind>
         <file>F2837xD_SysCtrl.obj</file>
         <name>F2837xD_SysCtrl.obj</name>
      </input_file>
      <input_file id="fl-f">
         <path>.\source\</path>
         <kind>object</kind>
         <file>F2837xD_usDelay.obj</file>
         <name>F2837xD_usDelay.obj</name>
      </input_file>
      <input_file id="fl-10">
         <path>.\source\</path>
         <kind>object</kind>
         <file>Kalman.obj</file>
         <name>Kalman.obj</name>
      </input_file>
      <input_file id="fl-11">
         <path>.\source\</path>
         <kind>object</kind>
         <file>User_F2837xD_5742.obj</file>
         <name>User_F2837xD_5742.obj</name>
      </input_file>
      <input_file id="fl-12">
         <path>.\source\</path>
         <kind>object</kind>
         <file>User_F2837xD_ADC.obj</file>
         <name>User_F2837xD_ADC.obj</name>
      </input_file>
      <input_file id="fl-13">
         <path>.\source\</path>
         <kind>object</kind>
         <file>User_F2837xD_DAC.obj</file>
         <name>User_F2837xD_DAC.obj</name>
      </input_file>
      <input_file id="fl-14">
         <path>.\source\</path>
         <kind>object</kind>
         <file>User_F2837xD_EPWM_EQEP.obj</file>
         <name>User_F2837xD_EPWM_EQEP.obj</name>
      </input_file>
      <input_file id="fl-15">
         <path>.\source\</path>
         <kind>object</kind>
         <file>User_F2837xD_SCI.obj</file>
         <name>User_F2837xD_SCI.obj</name>
      </input_file>
      <input_file id="fl-16">
         <path>.\source\</path>
         <kind>object</kind>
         <file>User_F2837xD_SPI.obj</file>
         <name>User_F2837xD_SPI.obj</name>
      </input_file>
      <input_file id="fl-1b">
         <kind>object</kind>
         <file>&lt;internal&gt;</file>
         <name>&lt;internal&gt;</name>
      </input_file>
      <input_file id="fl-1c">
         <path>C:\ti\ccsv8\tools\compiler\ti-cgt-c2000_18.1.4.LTS\lib\</path>
         <kind>archive</kind>
         <file>rts2800_fpu32.lib</file>
         <name>e_expf.c.obj</name>
      </input_file>
      <input_file id="fl-1d">
         <path>C:\ti\ccsv8\tools\compiler\ti-cgt-c2000_18.1.4.LTS\lib\</path>
         <kind>archive</kind>
         <file>rts2800_fpu32.lib</file>
         <name>s_floorf.c.obj</name>
      </input_file>
      <input_file id="fl-1e">
         <path>C:\ti\ccsv8\tools\compiler\ti-cgt-c2000_18.1.4.LTS\lib\</path>
         <kind>archive</kind>
         <file>rts2800_fpu32.lib</file>
         <name>boot28.asm.obj</name>
      </input_file>
      <input_file id="fl-1f">
         <path>C:\ti\ccsv8\tools\compiler\ti-cgt-c2000_18.1.4.LTS\lib\</path>
         <kind>archive</kind>
         <file>rts2800_fpu32.lib</file>
         <name>epilog28.asm.obj</name>
      </input_file>
      <input_file id="fl-20">
         <path>C:\ti\ccsv8\tools\compiler\ti-cgt-c2000_18.1.4.LTS\lib\</path>
         <kind>archive</kind>
         <file>rts2800_fpu32.lib</file>
         <name>fs_div28.asm.obj</name>
      </input_file>
      <input_file id="fl-21">
         <path>C:\ti\ccsv8\tools\compiler\ti-cgt-c2000_18.1.4.LTS\lib\</path>
         <kind>archive</kind>
         <file>rts2800_fpu32.lib</file>
         <name>ll_aox28.asm.obj</name>
      </input_file>
      <input_file id="fl-22">
         <path>C:\ti\ccsv8\tools\compiler\ti-cgt-c2000_18.1.4.LTS\lib\</path>
         <kind>archive</kind>
         <file>rts2800_fpu32.lib</file>
         <name>prolog28.asm.obj</name>
      </input_file>
      <input_file id="fl-23">
         <path>C:\ti\ccsv8\tools\compiler\ti-cgt-c2000_18.1.4.LTS\lib\</path>
         <kind>archive</kind>
         <file>rts2800_fpu32.lib</file>
         <name>cpy_tbl.c.obj</name>
      </input_file>
      <input_file id="fl-24">
         <path>C:\ti\ccsv8\tools\compiler\ti-cgt-c2000_18.1.4.LTS\lib\</path>
         <kind>archive</kind>
         <file>rts2800_fpu32.lib</file>
         <name>memcpy.c.obj</name>
      </input_file>
      <input_file id="fl-25">
         <path>C:\ti\ccsv8\tools\compiler\ti-cgt-c2000_18.1.4.LTS\lib\</path>
         <kind>archive</kind>
         <file>rts2800_fpu32.lib</file>
         <name>pre_init.c.obj</name>
      </input_file>
      <input_file id="fl-26">
         <path>C:\ti\ccsv8\tools\compiler\ti-cgt-c2000_18.1.4.LTS\lib\</path>
         <kind>archive</kind>
         <file>rts2800_fpu32.lib</file>
         <name>startup.c.obj</name>
      </input_file>
      <input_file id="fl-27">
         <path>C:\ti\ccsv8\tools\compiler\ti-cgt-c2000_18.1.4.LTS\lib\</path>
         <kind>archive</kind>
         <file>rts2800_fpu32.lib</file>
         <name>errno.c.obj</name>
      </input_file>
      <input_file id="fl-28">
         <path>C:\ti\ccsv8\tools\compiler\ti-cgt-c2000_18.1.4.LTS\lib\</path>
         <kind>archive</kind>
         <file>rts2800_fpu32.lib</file>
         <name>exit.c.obj</name>
      </input_file>
      <input_file id="fl-29">
         <path>C:\ti\ccsv8\tools\compiler\ti-cgt-c2000_18.1.4.LTS\lib\</path>
         <kind>archive</kind>
         <file>rts2800_fpu32.lib</file>
         <name>_lock.c.obj</name>
      </input_file>
      <input_file id="fl-2a">
         <path>C:\ti\ccsv8\tools\compiler\ti-cgt-c2000_18.1.4.LTS\lib\</path>
         <kind>archive</kind>
         <file>rts2800_fpu32.lib</file>
         <name>args_main.c.obj</name>
      </input_file>
      <input_file id="fl-2b">
         <path>C:\ti\ccsv8\tools\compiler\ti-cgt-c2000_18.1.4.LTS\lib\</path>
         <kind>archive</kind>
         <file>rts2800_fpu32.lib</file>
         <name>memset.c.obj</name>
      </input_file>
   </input_file_list>
   <object_component_list>
      <object_component id="oc-8e">
         <name>codestart</name>
         <load_address>0x0</load_address>
         <run_address>0x0</run_address>
         <size>0x2</size>
         <input_file_ref idref="fl-4"/>
      </object_component>
      <object_component id="oc-124">
         <name>ramfuncs</name>
         <load_address>0x26c</load_address>
         <run_address>0x26c</run_address>
         <size>0x4</size>
         <input_file_ref idref="fl-f"/>
      </object_component>
      <object_component id="oc-1b2">
         <name>.text</name>
         <load_address>0x270</load_address>
         <run_address>0x270</run_address>
         <size>0x14e</size>
         <input_file_ref idref="fl-6"/>
      </object_component>
      <object_component id="oc-1b8">
         <name>.text</name>
         <load_address>0x3be</load_address>
         <run_address>0x3be</run_address>
         <size>0x33</size>
         <input_file_ref idref="fl-7"/>
      </object_component>
      <object_component id="oc-165">
         <name>.text</name>
         <load_address>0x3f1</load_address>
         <run_address>0x3f1</run_address>
         <size>0xc</size>
         <input_file_ref idref="fl-1f"/>
      </object_component>
      <object_component id="oc-1a7">
         <name>.text</name>
         <load_address>0x3fd</load_address>
         <run_address>0x3fd</run_address>
         <size>0x2</size>
         <input_file_ref idref="fl-25"/>
      </object_component>
      <object_component id="oc-1a9">
         <name>.text</name>
         <load_address>0x3ff</load_address>
         <run_address>0x3ff</run_address>
         <size>0x1</size>
         <input_file_ref idref="fl-26"/>
      </object_component>
      <object_component id="oc-144">
         <name>.text:retain</name>
         <load_address>0x8000</load_address>
         <run_address>0x8000</run_address>
         <size>0x6a2</size>
         <input_file_ref idref="fl-14"/>
      </object_component>
      <object_component id="oc-94">
         <name>.text:retain</name>
         <load_address>0x86a2</load_address>
         <run_address>0x86a2</run_address>
         <size>0x585</size>
         <input_file_ref idref="fl-5"/>
      </object_component>
      <object_component id="oc-1ac">
         <name>.text</name>
         <load_address>0x8c27</load_address>
         <run_address>0x8c27</run_address>
         <size>0x3ed</size>
         <input_file_ref idref="fl-14"/>
      </object_component>
      <object_component id="oc-1b3">
         <name>.text</name>
         <load_address>0x9014</load_address>
         <run_address>0x9014</run_address>
         <size>0x300</size>
         <input_file_ref idref="fl-e"/>
      </object_component>
      <object_component id="oc-1b7">
         <name>.text</name>
         <load_address>0x9314</load_address>
         <run_address>0x9314</run_address>
         <size>0x1ec</size>
         <input_file_ref idref="fl-12"/>
      </object_component>
      <object_component id="oc-1b4">
         <name>.text</name>
         <load_address>0x9500</load_address>
         <run_address>0x9500</run_address>
         <size>0x1cb</size>
         <input_file_ref idref="fl-9"/>
      </object_component>
      <object_component id="oc-1ae">
         <name>.text</name>
         <load_address>0x96cb</load_address>
         <run_address>0x96cb</run_address>
         <size>0x197</size>
         <input_file_ref idref="fl-2"/>
      </object_component>
      <object_component id="oc-1bb">
         <name>.text</name>
         <load_address>0x9862</load_address>
         <run_address>0x9862</run_address>
         <size>0x111</size>
         <input_file_ref idref="fl-1c"/>
      </object_component>
      <object_component id="oc-1bf">
         <name>.text</name>
         <load_address>0x9973</load_address>
         <run_address>0x9973</run_address>
         <size>0xd5</size>
         <input_file_ref idref="fl-3"/>
      </object_component>
      <object_component id="oc-16a">
         <name>.text</name>
         <load_address>0x9a48</load_address>
         <run_address>0x9a48</run_address>
         <size>0x88</size>
         <input_file_ref idref="fl-20"/>
      </object_component>
      <object_component id="oc-1ba">
         <name>.text</name>
         <load_address>0x9ad0</load_address>
         <run_address>0x9ad0</run_address>
         <size>0x7b</size>
         <input_file_ref idref="fl-15"/>
      </object_component>
      <object_component id="oc-1b1">
         <name>.text</name>
         <load_address>0x9b4b</load_address>
         <run_address>0x9b4b</run_address>
         <size>0x58</size>
         <input_file_ref idref="fl-1d"/>
      </object_component>
      <object_component id="oc-82">
         <name>.text</name>
         <load_address>0x9ba3</load_address>
         <run_address>0x9ba3</run_address>
         <size>0x56</size>
         <input_file_ref idref="fl-1e"/>
      </object_component>
      <object_component id="oc-1b9">
         <name>.text</name>
         <load_address>0x9bf9</load_address>
         <run_address>0x9bf9</run_address>
         <size>0x2c</size>
         <input_file_ref idref="fl-13"/>
      </object_component>
      <object_component id="oc-1ab">
         <name>.text</name>
         <load_address>0x9c25</load_address>
         <run_address>0x9c25</run_address>
         <size>0x29</size>
         <input_file_ref idref="fl-28"/>
      </object_component>
      <object_component id="oc-1b5">
         <name>.text</name>
         <load_address>0x9c4e</load_address>
         <run_address>0x9c4e</run_address>
         <size>0x28</size>
         <input_file_ref idref="fl-c"/>
      </object_component>
      <object_component id="oc-1a8">
         <name>.text</name>
         <load_address>0x9c76</load_address>
         <run_address>0x9c76</run_address>
         <size>0x24</size>
         <input_file_ref idref="fl-23"/>
      </object_component>
      <object_component id="oc-1ad">
         <name>.text</name>
         <load_address>0x9c9a</load_address>
         <run_address>0x9c9a</run_address>
         <size>0x1d</size>
         <input_file_ref idref="fl-24"/>
      </object_component>
      <object_component id="oc-1aa">
         <name>.text</name>
         <load_address>0x9cb7</load_address>
         <run_address>0x9cb7</run_address>
         <size>0x19</size>
         <input_file_ref idref="fl-2a"/>
      </object_component>
      <object_component id="oc-174">
         <name>.text</name>
         <load_address>0x9cd0</load_address>
         <run_address>0x9cd0</run_address>
         <size>0x19</size>
         <input_file_ref idref="fl-22"/>
      </object_component>
      <object_component id="oc-16f">
         <name>.text</name>
         <load_address>0x9ce9</load_address>
         <run_address>0x9ce9</run_address>
         <size>0x18</size>
         <input_file_ref idref="fl-21"/>
      </object_component>
      <object_component id="oc-1b6">
         <name>.text</name>
         <load_address>0x9d01</load_address>
         <run_address>0x9d01</run_address>
         <size>0x12</size>
         <input_file_ref idref="fl-d"/>
      </object_component>
      <object_component id="oc-1bc">
         <name>.text</name>
         <load_address>0x9d13</load_address>
         <run_address>0x9d13</run_address>
         <size>0x9</size>
         <input_file_ref idref="fl-29"/>
      </object_component>
      <object_component id="oc-8d">
         <name>.text</name>
         <load_address>0x9d1c</load_address>
         <run_address>0x9d1c</run_address>
         <size>0x8</size>
         <input_file_ref idref="fl-4"/>
      </object_component>
      <object_component id="oc-142">
         <name>.cinit</name>
         <load_address>0x2</load_address>
         <run_address>0x2</run_address>
         <size>0x216</size>
         <input_file_ref idref="fl-14"/>
      </object_component>
      <object_component id="oc-12a">
         <name>.cinit</name>
         <load_address>0x218</load_address>
         <run_address>0x218</run_address>
         <size>0x1f</size>
         <input_file_ref idref="fl-10"/>
      </object_component>
      <object_component id="oc-13b">
         <name>.cinit</name>
         <load_address>0x237</load_address>
         <run_address>0x237</run_address>
         <size>0x17</size>
         <input_file_ref idref="fl-13"/>
      </object_component>
      <object_component id="oc-192">
         <name>.cinit</name>
         <load_address>0x24e</load_address>
         <run_address>0x24e</run_address>
         <size>0xe</size>
         <input_file_ref idref="fl-28"/>
      </object_component>
      <object_component id="oc-1b0">
         <name>.cinit:__lock</name>
         <load_address>0x25c</load_address>
         <run_address>0x25c</run_address>
         <size>0x5</size>
         <input_file_ref idref="fl-29"/>
      </object_component>
      <object_component id="oc-1bd">
         <name>.cinit:__unlock</name>
         <load_address>0x261</load_address>
         <run_address>0x261</run_address>
         <size>0x5</size>
         <input_file_ref idref="fl-29"/>
      </object_component>
      <object_component id="oc-18e">
         <name>.cinit</name>
         <load_address>0x266</load_address>
         <run_address>0x266</run_address>
         <size>0x4</size>
         <input_file_ref idref="fl-27"/>
      </object_component>
      <object_component id="oc-160">
         <name>.reset</name>
         <load_address>0x3fffc0</load_address>
         <run_address>0x3fffc0</run_address>
         <size>0x2</size>
         <input_file_ref idref="fl-1e"/>
      </object_component>
      <object_component id="oc-15f">
         <name>.stack</name>
         <uninitialized>true</uninitialized>
         <run_address>0x400</run_address>
         <size>0x0</size>
         <input_file_ref idref="fl-1e"/>
      </object_component>
      <object_component id="oc-24b">
         <name>.stack</name>
         <uninitialized>true</uninitialized>
         <run_address>0x400</run_address>
         <size>0x0</size>
      </object_component>
      <object_component id="oc-12b">
         <name>.ebss</name>
         <uninitialized>true</uninitialized>
         <run_address>0xb1de</run_address>
         <size>0x18</size>
         <input_file_ref idref="fl-10"/>
      </object_component>
      <object_component id="oc-13c">
         <name>.ebss</name>
         <uninitialized>true</uninitialized>
         <run_address>0xb3e8</run_address>
         <size>0xc</size>
         <input_file_ref idref="fl-13"/>
      </object_component>
      <object_component id="oc-143">
         <name>.ebss</name>
         <uninitialized>true</uninitialized>
         <run_address>0xb200</run_address>
         <size>0x1e8</size>
         <input_file_ref idref="fl-14"/>
      </object_component>
      <object_component id="oc-18f">
         <name>.ebss</name>
         <uninitialized>true</uninitialized>
         <run_address>0xb3f4</run_address>
         <size>0x1</size>
         <input_file_ref idref="fl-27"/>
      </object_component>
      <object_component id="oc-193">
         <name>.ebss</name>
         <uninitialized>true</uninitialized>
         <run_address>0xb1f6</run_address>
         <size>0x6</size>
         <input_file_ref idref="fl-28"/>
      </object_component>
      <object_component id="oc-1c3">
         <name>.ebss:__unlock</name>
         <uninitialized>true</uninitialized>
         <run_address>0xb1fe</run_address>
         <size>0x2</size>
         <input_file_ref idref="fl-29"/>
      </object_component>
      <object_component id="oc-1af">
         <name>.ebss:__lock</name>
         <uninitialized>true</uninitialized>
         <run_address>0xb1fc</run_address>
         <size>0x2</size>
         <input_file_ref idref="fl-29"/>
      </object_component>
      <object_component id="oc-1be">
         <name>.econst:_PieVectTableInit</name>
         <load_address>0xb000</load_address>
         <run_address>0xb000</run_address>
         <size>0x1c0</size>
         <input_file_ref idref="fl-d"/>
      </object_component>
      <object_component id="oc-154">
         <name>.econst</name>
         <load_address>0xb1c0</load_address>
         <run_address>0xb1c0</run_address>
         <size>0x10</size>
         <input_file_ref idref="fl-1c"/>
      </object_component>
      <object_component id="oc-1c0">
         <name>.econst:_halF</name>
         <load_address>0xb1d0</load_address>
         <run_address>0xb1d0</run_address>
         <size>0x4</size>
         <input_file_ref idref="fl-1c"/>
      </object_component>
      <object_component id="oc-1c1">
         <name>.econst:_ln2HI</name>
         <load_address>0xb1d4</load_address>
         <run_address>0xb1d4</run_address>
         <size>0x4</size>
         <input_file_ref idref="fl-1c"/>
      </object_component>
      <object_component id="oc-1c2">
         <name>.econst:_ln2LO</name>
         <load_address>0xb1d8</load_address>
         <run_address>0xb1d8</run_address>
         <size>0x4</size>
         <input_file_ref idref="fl-1c"/>
      </object_component>
      <object_component id="oc-15a">
         <name>.econst</name>
         <load_address>0xb1dc</load_address>
         <run_address>0xb1dc</run_address>
         <size>0x2</size>
         <input_file_ref idref="fl-1d"/>
      </object_component>
      <object_component id="oc-104">
         <name>PieVectTableFile</name>
         <uninitialized>true</uninitialized>
         <run_address>0xd00</run_address>
         <size>0x1c0</size>
         <input_file_ref idref="fl-8"/>
      </object_component>
      <object_component id="oc-a4">
         <name>EmuKeyVar</name>
         <uninitialized>true</uninitialized>
         <run_address>0xd00</run_address>
         <size>0x1</size>
         <input_file_ref idref="fl-8"/>
      </object_component>
      <object_component id="oc-a5">
         <name>EmuBModeVar</name>
         <uninitialized>true</uninitialized>
         <run_address>0xd01</run_address>
         <size>0x1</size>
         <input_file_ref idref="fl-8"/>
      </object_component>
      <object_component id="oc-bc">
         <name>AdcaResultFile</name>
         <uninitialized>true</uninitialized>
         <run_address>0xb00</run_address>
         <size>0x18</size>
         <input_file_ref idref="fl-8"/>
      </object_component>
      <object_component id="oc-bb">
         <name>AdcbResultFile</name>
         <uninitialized>true</uninitialized>
         <run_address>0xb20</run_address>
         <size>0x18</size>
         <input_file_ref idref="fl-8"/>
      </object_component>
      <object_component id="oc-be">
         <name>AdccResultFile</name>
         <uninitialized>true</uninitialized>
         <run_address>0xb40</run_address>
         <size>0x18</size>
         <input_file_ref idref="fl-8"/>
      </object_component>
      <object_component id="oc-bd">
         <name>AdcdResultFile</name>
         <uninitialized>true</uninitialized>
         <run_address>0xb60</run_address>
         <size>0x18</size>
         <input_file_ref idref="fl-8"/>
      </object_component>
      <object_component id="oc-ef">
         <name>AdcaRegsFile</name>
         <uninitialized>true</uninitialized>
         <run_address>0x7400</run_address>
         <size>0x80</size>
         <input_file_ref idref="fl-8"/>
      </object_component>
      <object_component id="oc-ee">
         <name>AdcbRegsFile</name>
         <uninitialized>true</uninitialized>
         <run_address>0x7480</run_address>
         <size>0x80</size>
         <input_file_ref idref="fl-8"/>
      </object_component>
      <object_component id="oc-ec">
         <name>AdccRegsFile</name>
         <uninitialized>true</uninitialized>
         <run_address>0x7500</run_address>
         <size>0x80</size>
         <input_file_ref idref="fl-8"/>
      </object_component>
      <object_component id="oc-ed">
         <name>AdcdRegsFile</name>
         <uninitialized>true</uninitialized>
         <run_address>0x7580</run_address>
         <size>0x80</size>
         <input_file_ref idref="fl-8"/>
      </object_component>
      <object_component id="oc-e9">
         <name>AnalogSubsysRegsFile</name>
         <uninitialized>true</uninitialized>
         <run_address>0x5d180</run_address>
         <size>0x48</size>
         <input_file_ref idref="fl-8"/>
      </object_component>
      <object_component id="oc-e3">
         <name>Cla1RegsFile</name>
         <uninitialized>true</uninitialized>
         <run_address>0x1400</run_address>
         <size>0x3e</size>
         <input_file_ref idref="fl-8"/>
      </object_component>
      <object_component id="oc-a9">
         <name>Cla1SoftIntRegsFile</name>
         <uninitialized>true</uninitialized>
         <run_address>0xce0</run_address>
         <size>0x4</size>
         <input_file_ref idref="fl-8"/>
      </object_component>
      <object_component id="oc-cf">
         <name>Cmpss1RegsFile</name>
         <uninitialized>true</uninitialized>
         <run_address>0x5c80</run_address>
         <size>0x20</size>
         <input_file_ref idref="fl-8"/>
      </object_component>
      <object_component id="oc-ce">
         <name>Cmpss2RegsFile</name>
         <uninitialized>true</uninitialized>
         <run_address>0x5ca0</run_address>
         <size>0x20</size>
         <input_file_ref idref="fl-8"/>
      </object_component>
      <object_component id="oc-d1">
         <name>Cmpss3RegsFile</name>
         <uninitialized>true</uninitialized>
         <run_address>0x5cc0</run_address>
         <size>0x20</size>
         <input_file_ref idref="fl-8"/>
      </object_component>
      <object_component id="oc-d0">
         <name>Cmpss4RegsFile</name>
         <uninitialized>true</uninitialized>
         <run_address>0x5ce0</run_address>
         <size>0x20</size>
         <input_file_ref idref="fl-8"/>
      </object_component>
      <object_component id="oc-d4">
         <name>Cmpss5RegsFile</name>
         <uninitialized>true</uninitialized>
         <run_address>0x5d00</run_address>
         <size>0x20</size>
         <input_file_ref idref="fl-8"/>
      </object_component>
      <object_component id="oc-ca">
         <name>Cmpss6RegsFile</name>
         <uninitialized>true</uninitialized>
         <run_address>0x5d20</run_address>
         <size>0x20</size>
         <input_file_ref idref="fl-8"/>
      </object_component>
      <object_component id="oc-c9">
         <name>Cmpss7RegsFile</name>
         <uninitialized>true</uninitialized>
         <run_address>0x5d40</run_address>
         <size>0x20</size>
         <input_file_ref idref="fl-8"/>
      </object_component>
      <object_component id="oc-cc">
         <name>Cmpss8RegsFile</name>
         <uninitialized>true</uninitialized>
         <run_address>0x5d60</run_address>
         <size>0x20</size>
         <input_file_ref idref="fl-8"/>
      </object_component>
      <object_component id="oc-b1">
         <name>CpuTimer0RegsFile</name>
         <uninitialized>true</uninitialized>
         <run_address>0xc00</run_address>
         <size>0x8</size>
         <input_file_ref idref="fl-8"/>
      </object_component>
      <object_component id="oc-b2">
         <name>CpuTimer1RegsFile</name>
         <uninitialized>true</uninitialized>
         <run_address>0xc08</run_address>
         <size>0x8</size>
         <input_file_ref idref="fl-8"/>
      </object_component>
      <object_component id="oc-af">
         <name>CpuTimer2RegsFile</name>
         <uninitialized>true</uninitialized>
         <run_address>0xc10</run_address>
         <size>0x8</size>
         <input_file_ref idref="fl-8"/>
      </object_component>
      <object_component id="oc-ac">
         <name>DacaRegsFile</name>
         <uninitialized>true</uninitialized>
         <run_address>0x5c00</run_address>
         <size>0x8</size>
         <input_file_ref idref="fl-8"/>
      </object_component>
      <object_component id="oc-ad">
         <name>DacbRegsFile</name>
         <uninitialized>true</uninitialized>
         <run_address>0x5c10</run_address>
         <size>0x8</size>
         <input_file_ref idref="fl-8"/>
      </object_component>
      <object_component id="oc-ae">
         <name>DaccRegsFile</name>
         <uninitialized>true</uninitialized>
         <run_address>0x5c20</run_address>
         <size>0x8</size>
         <input_file_ref idref="fl-8"/>
      </object_component>
      <object_component id="oc-de">
         <name>DcsmZ1RegsFile</name>
         <uninitialized>true</uninitialized>
         <run_address>0x5f000</run_address>
         <size>0x24</size>
         <input_file_ref idref="fl-8"/>
      </object_component>
      <object_component id="oc-dc">
         <name>DcsmZ2RegsFile</name>
         <uninitialized>true</uninitialized>
         <run_address>0x5f040</run_address>
         <size>0x24</size>
         <input_file_ref idref="fl-8"/>
      </object_component>
      <object_component id="oc-b0">
         <name>DcsmCommonRegsFile</name>
         <uninitialized>true</uninitialized>
         <run_address>0x5f070</run_address>
         <size>0x8</size>
         <input_file_ref idref="fl-8"/>
      </object_component>
      <object_component id="oc-cb">
         <name>DcsmZ1OtpFile</name>
         <uninitialized>true</uninitialized>
         <run_address>0x78000</run_address>
         <size>0x20</size>
         <input_file_ref idref="fl-8"/>
      </object_component>
      <object_component id="oc-cd">
         <name>DcsmZ2OtpFile</name>
         <uninitialized>true</uninitialized>
         <run_address>0x78200</run_address>
         <size>0x20</size>
         <input_file_ref idref="fl-8"/>
      </object_component>
      <object_component id="oc-f4">
         <name>DmaRegsFile</name>
         <uninitialized>true</uninitialized>
         <run_address>0x1000</run_address>
         <size>0xe0</size>
         <input_file_ref idref="fl-8"/>
      </object_component>
      <object_component id="oc-c0">
         <name>DmaClaSrcSelRegsFile</name>
         <uninitialized>true</uninitialized>
         <run_address>0x7980</run_address>
         <size>0x1a</size>
         <input_file_ref idref="fl-8"/>
      </object_component>
      <object_component id="oc-d3">
         <name>ECap1RegsFile</name>
         <uninitialized>true</uninitialized>
         <run_address>0x5000</run_address>
         <size>0x20</size>
         <input_file_ref idref="fl-8"/>
      </object_component>
      <object_component id="oc-d2">
         <name>ECap2RegsFile</name>
         <uninitialized>true</uninitialized>
         <run_address>0x5020</run_address>
         <size>0x20</size>
         <input_file_ref idref="fl-8"/>
      </object_component>
      <object_component id="oc-c1">
         <name>ECap3RegsFile</name>
         <uninitialized>true</uninitialized>
         <run_address>0x5040</run_address>
         <size>0x20</size>
         <input_file_ref idref="fl-8"/>
      </object_component>
      <object_component id="oc-c3">
         <name>ECap4RegsFile</name>
         <uninitialized>true</uninitialized>
         <run_address>0x5060</run_address>
         <size>0x20</size>
         <input_file_ref idref="fl-8"/>
      </object_component>
      <object_component id="oc-c8">
         <name>ECap5RegsFile</name>
         <uninitialized>true</uninitialized>
         <run_address>0x5080</run_address>
         <size>0x20</size>
         <input_file_ref idref="fl-8"/>
      </object_component>
      <object_component id="oc-c2">
         <name>ECap6RegsFile</name>
         <uninitialized>true</uninitialized>
         <run_address>0x50a0</run_address>
         <size>0x20</size>
         <input_file_ref idref="fl-8"/>
      </object_component>
      <object_component id="oc-ea">
         <name>Emif1RegsFile</name>
         <uninitialized>true</uninitialized>
         <run_address>0x47000</run_address>
         <size>0x70</size>
         <input_file_ref idref="fl-8"/>
      </object_component>
      <object_component id="oc-eb">
         <name>Emif2RegsFile</name>
         <uninitialized>true</uninitialized>
         <run_address>0x47800</run_address>
         <size>0x70</size>
         <input_file_ref idref="fl-8"/>
      </object_component>
      <object_component id="oc-f9">
         <name>EPwm1RegsFile</name>
         <uninitialized>true</uninitialized>
         <run_address>0x4000</run_address>
         <size>0x100</size>
         <input_file_ref idref="fl-8"/>
      </object_component>
      <object_component id="oc-f8">
         <name>EPwm2RegsFile</name>
         <uninitialized>true</uninitialized>
         <run_address>0x4100</run_address>
         <size>0x100</size>
         <input_file_ref idref="fl-8"/>
      </object_component>
      <object_component id="oc-fb">
         <name>EPwm3RegsFile</name>
         <uninitialized>true</uninitialized>
         <run_address>0x4200</run_address>
         <size>0x100</size>
         <input_file_ref idref="fl-8"/>
      </object_component>
      <object_component id="oc-f6">
         <name>EPwm4RegsFile</name>
         <uninitialized>true</uninitialized>
         <run_address>0x4300</run_address>
         <size>0x100</size>
         <input_file_ref idref="fl-8"/>
      </object_component>
      <object_component id="oc-f5">
         <name>EPwm5RegsFile</name>
         <uninitialized>true</uninitialized>
         <run_address>0x4400</run_address>
         <size>0x100</size>
         <input_file_ref idref="fl-8"/>
      </object_component>
      <object_component id="oc-fa">
         <name>EPwm6RegsFile</name>
         <uninitialized>true</uninitialized>
         <run_address>0x4500</run_address>
         <size>0x100</size>
         <input_file_ref idref="fl-8"/>
      </object_component>
      <object_component id="oc-f7">
         <name>EPwm7RegsFile</name>
         <uninitialized>true</uninitialized>
         <run_address>0x4600</run_address>
         <size>0x100</size>
         <input_file_ref idref="fl-8"/>
      </object_component>
      <object_component id="oc-100">
         <name>EPwm8RegsFile</name>
         <uninitialized>true</uninitialized>
         <run_address>0x4700</run_address>
         <size>0x100</size>
         <input_file_ref idref="fl-8"/>
      </object_component>
      <object_component id="oc-fe">
         <name>EPwm9RegsFile</name>
         <uninitialized>true</uninitialized>
         <run_address>0x4800</run_address>
         <size>0x100</size>
         <input_file_ref idref="fl-8"/>
      </object_component>
      <object_component id="oc-ff">
         <name>EPwm10RegsFile</name>
         <uninitialized>true</uninitialized>
         <run_address>0x4900</run_address>
         <size>0x100</size>
         <input_file_ref idref="fl-8"/>
      </object_component>
      <object_component id="oc-fc">
         <name>EPwm11RegsFile</name>
         <uninitialized>true</uninitialized>
         <run_address>0x4a00</run_address>
         <size>0x100</size>
         <input_file_ref idref="fl-8"/>
      </object_component>
      <object_component id="oc-fd">
         <name>EPwm12RegsFile</name>
         <uninitialized>true</uninitialized>
         <run_address>0x4b00</run_address>
         <size>0x100</size>
         <input_file_ref idref="fl-8"/>
      </object_component>
      <object_component id="oc-e6">
         <name>EPwmXbarRegsFile</name>
         <uninitialized>true</uninitialized>
         <run_address>0x7a00</run_address>
         <size>0x40</size>
         <input_file_ref idref="fl-8"/>
      </object_component>
      <object_component id="oc-d9">
         <name>EQep1RegsFile</name>
         <uninitialized>true</uninitialized>
         <run_address>0x5100</run_address>
         <size>0x22</size>
         <input_file_ref idref="fl-8"/>
      </object_component>
      <object_component id="oc-d7">
         <name>EQep2RegsFile</name>
         <uninitialized>true</uninitialized>
         <run_address>0x5140</run_address>
         <size>0x22</size>
         <input_file_ref idref="fl-8"/>
      </object_component>
      <object_component id="oc-d5">
         <name>EQep3RegsFile</name>
         <uninitialized>true</uninitialized>
         <run_address>0x5180</run_address>
         <size>0x22</size>
         <input_file_ref idref="fl-8"/>
      </object_component>
      <object_component id="oc-103">
         <name>Flash0CtrlRegsFile</name>
         <uninitialized>true</uninitialized>
         <run_address>0x5f800</run_address>
         <size>0x182</size>
         <input_file_ref idref="fl-8"/>
      </object_component>
      <object_component id="oc-df">
         <name>Flash0EccRegsFile</name>
         <uninitialized>true</uninitialized>
         <run_address>0x5fb00</run_address>
         <size>0x28</size>
         <input_file_ref idref="fl-8"/>
      </object_component>
      <object_component id="oc-102">
         <name>GpioCtrlRegsFile</name>
         <uninitialized>true</uninitialized>
         <run_address>0x7c00</run_address>
         <size>0x180</size>
         <input_file_ref idref="fl-8"/>
      </object_component>
      <object_component id="oc-e1">
         <name>GpioDataRegsFile</name>
         <uninitialized>true</uninitialized>
         <run_address>0x7f00</run_address>
         <size>0x30</size>
         <input_file_ref idref="fl-8"/>
      </object_component>
      <object_component id="oc-e7">
         <name>OutputXbarRegsFile</name>
         <uninitialized>true</uninitialized>
         <run_address>0x7a80</run_address>
         <size>0x40</size>
         <input_file_ref idref="fl-8"/>
      </object_component>
      <object_component id="oc-d8">
         <name>I2caRegsFile</name>
         <uninitialized>true</uninitialized>
         <run_address>0x7300</run_address>
         <size>0x22</size>
         <input_file_ref idref="fl-8"/>
      </object_component>
      <object_component id="oc-d6">
         <name>I2cbRegsFile</name>
         <uninitialized>true</uninitialized>
         <run_address>0x7340</run_address>
         <size>0x22</size>
         <input_file_ref idref="fl-8"/>
      </object_component>
      <object_component id="oc-c6">
         <name>InputXbarRegsFile</name>
         <uninitialized>true</uninitialized>
         <run_address>0x7900</run_address>
         <size>0x20</size>
         <input_file_ref idref="fl-8"/>
      </object_component>
      <object_component id="oc-c7">
         <name>XbarRegsFile</name>
         <uninitialized>true</uninitialized>
         <run_address>0x7920</run_address>
         <size>0x20</size>
         <input_file_ref idref="fl-8"/>
      </object_component>
      <object_component id="oc-da">
         <name>IpcRegsFile</name>
         <uninitialized>true</uninitialized>
         <run_address>0x50000</run_address>
         <size>0x24</size>
         <input_file_ref idref="fl-8"/>
      </object_component>
      <object_component id="oc-a6">
         <name>FlashPumpSemaphoreRegsFile</name>
         <uninitialized>true</uninitialized>
         <run_address>0x50024</run_address>
         <size>0x2</size>
         <input_file_ref idref="fl-8"/>
      </object_component>
      <object_component id="oc-a8">
         <name>RomPrefetchRegsFile</name>
         <uninitialized>true</uninitialized>
         <run_address>0x5e608</run_address>
         <size>0x2</size>
         <input_file_ref idref="fl-8"/>
      </object_component>
      <object_component id="oc-f1">
         <name>MemCfgRegsFile</name>
         <uninitialized>true</uninitialized>
         <run_address>0x5f400</run_address>
         <size>0x80</size>
         <input_file_ref idref="fl-8"/>
      </object_component>
      <object_component id="oc-c4">
         <name>Emif1ConfigRegsFile</name>
         <uninitialized>true</uninitialized>
         <run_address>0x5f480</run_address>
         <size>0x20</size>
         <input_file_ref idref="fl-8"/>
      </object_component>
      <object_component id="oc-c5">
         <name>Emif2ConfigRegsFile</name>
         <uninitialized>true</uninitialized>
         <run_address>0x5f4a0</run_address>
         <size>0x20</size>
         <input_file_ref idref="fl-8"/>
      </object_component>
      <object_component id="oc-e5">
         <name>AccessProtectionRegsFile</name>
         <uninitialized>true</uninitialized>
         <run_address>0x5f4c0</run_address>
         <size>0x40</size>
         <input_file_ref idref="fl-8"/>
      </object_component>
      <object_component id="oc-e4">
         <name>MemoryErrorRegsFile</name>
         <uninitialized>true</uninitialized>
         <run_address>0x5f500</run_address>
         <size>0x40</size>
         <input_file_ref idref="fl-8"/>
      </object_component>
      <object_component id="oc-a7">
         <name>RomWaitStateRegsFile</name>
         <uninitialized>true</uninitialized>
         <run_address>0x5f540</run_address>
         <size>0x2</size>
         <input_file_ref idref="fl-8"/>
      </object_component>
      <object_component id="oc-db">
         <name>McbspaRegsFile</name>
         <uninitialized>true</uninitialized>
         <run_address>0x6000</run_address>
         <size>0x24</size>
         <input_file_ref idref="fl-8"/>
      </object_component>
      <object_component id="oc-dd">
         <name>McbspbRegsFile</name>
         <uninitialized>true</uninitialized>
         <run_address>0x6040</run_address>
         <size>0x24</size>
         <input_file_ref idref="fl-8"/>
      </object_component>
      <object_component id="oc-e8">
         <name>UppRegsFile</name>
         <uninitialized>true</uninitialized>
         <run_address>0x6200</run_address>
         <size>0x48</size>
         <input_file_ref idref="fl-8"/>
      </object_component>
      <object_component id="oc-ab">
         <name>NmiIntruptRegsFile</name>
         <uninitialized>true</uninitialized>
         <run_address>0x7060</run_address>
         <size>0x7</size>
         <input_file_ref idref="fl-8"/>
      </object_component>
      <object_component id="oc-bf">
         <name>PieCtrlRegsFile</name>
         <uninitialized>true</uninitialized>
         <run_address>0xce0</run_address>
         <size>0x1a</size>
         <input_file_ref idref="fl-8"/>
      </object_component>
      <object_component id="oc-b9">
         <name>SciaRegsFile</name>
         <uninitialized>true</uninitialized>
         <run_address>0x7200</run_address>
         <size>0x10</size>
         <input_file_ref idref="fl-8"/>
      </object_component>
      <object_component id="oc-ba">
         <name>ScibRegsFile</name>
         <uninitialized>true</uninitialized>
         <run_address>0x7210</run_address>
         <size>0x10</size>
         <input_file_ref idref="fl-8"/>
      </object_component>
      <object_component id="oc-b8">
         <name>ScicRegsFile</name>
         <uninitialized>true</uninitialized>
         <run_address>0x7220</run_address>
         <size>0x10</size>
         <input_file_ref idref="fl-8"/>
      </object_component>
      <object_component id="oc-b7">
         <name>ScidRegsFile</name>
         <uninitialized>true</uninitialized>
         <run_address>0x7230</run_address>
         <size>0x10</size>
         <input_file_ref idref="fl-8"/>
      </object_component>
      <object_component id="oc-f0">
         <name>Sdfm1RegsFile</name>
         <uninitialized>true</uninitialized>
         <run_address>0x5e00</run_address>
         <size>0x80</size>
         <input_file_ref idref="fl-8"/>
      </object_component>
      <object_component id="oc-f2">
         <name>Sdfm2RegsFile</name>
         <uninitialized>true</uninitialized>
         <run_address>0x5e80</run_address>
         <size>0x80</size>
         <input_file_ref idref="fl-8"/>
      </object_component>
      <object_component id="oc-b4">
         <name>SpiaRegsFile</name>
         <uninitialized>true</uninitialized>
         <run_address>0x6100</run_address>
         <size>0x10</size>
         <input_file_ref idref="fl-8"/>
      </object_component>
      <object_component id="oc-b6">
         <name>SpibRegsFile</name>
         <uninitialized>true</uninitialized>
         <run_address>0x6110</run_address>
         <size>0x10</size>
         <input_file_ref idref="fl-8"/>
      </object_component>
      <object_component id="oc-b5">
         <name>SpicRegsFile</name>
         <uninitialized>true</uninitialized>
         <run_address>0x6120</run_address>
         <size>0x10</size>
         <input_file_ref idref="fl-8"/>
      </object_component>
      <object_component id="oc-101">
         <name>DevCfgRegsFile</name>
         <uninitialized>true</uninitialized>
         <run_address>0x5d000</run_address>
         <size>0x12e</size>
         <input_file_ref idref="fl-8"/>
      </object_component>
      <object_component id="oc-e2">
         <name>ClkCfgRegsFile</name>
         <uninitialized>true</uninitialized>
         <run_address>0x5d200</run_address>
         <size>0x32</size>
         <input_file_ref idref="fl-8"/>
      </object_component>
      <object_component id="oc-f3">
         <name>CpuSysRegsFile</name>
         <uninitialized>true</uninitialized>
         <run_address>0x5d300</run_address>
         <size>0x82</size>
         <input_file_ref idref="fl-8"/>
      </object_component>
      <object_component id="oc-aa">
         <name>SyncSocRegsFile</name>
         <uninitialized>true</uninitialized>
         <run_address>0x7940</run_address>
         <size>0x6</size>
         <input_file_ref idref="fl-8"/>
      </object_component>
      <object_component id="oc-e0">
         <name>WdRegsFile</name>
         <uninitialized>true</uninitialized>
         <run_address>0x7000</run_address>
         <size>0x2b</size>
         <input_file_ref idref="fl-8"/>
      </object_component>
      <object_component id="oc-b3">
         <name>XintRegsFile</name>
         <uninitialized>true</uninitialized>
         <run_address>0x7070</run_address>
         <size>0xb</size>
         <input_file_ref idref="fl-8"/>
      </object_component>
      <object_component id="oc-83">
         <name>.debug_info</name>
         <load_address>0x0</load_address>
         <run_address>0x0</run_address>
         <size>0x9ac2</size>
         <input_file_ref idref="fl-2"/>
      </object_component>
      <object_component id="oc-88">
         <name>.debug_info</name>
         <load_address>0x9ac2</load_address>
         <run_address>0x9ac2</run_address>
         <size>0x4822</size>
         <input_file_ref idref="fl-3"/>
      </object_component>
      <object_component id="oc-8f">
         <name>.debug_info</name>
         <load_address>0xe2e4</load_address>
         <run_address>0xe2e4</run_address>
         <size>0x146</size>
         <input_file_ref idref="fl-4"/>
      </object_component>
      <object_component id="oc-93">
         <name>.debug_info</name>
         <load_address>0xe42a</load_address>
         <run_address>0xe42a</run_address>
         <size>0x3cc2</size>
         <input_file_ref idref="fl-5"/>
      </object_component>
      <object_component id="oc-99">
         <name>.debug_info</name>
         <load_address>0x120ec</load_address>
         <run_address>0x120ec</run_address>
         <size>0xf9f2</size>
         <input_file_ref idref="fl-6"/>
      </object_component>
      <object_component id="oc-9e">
         <name>.debug_info</name>
         <load_address>0x21ade</load_address>
         <run_address>0x21ade</run_address>
         <size>0xf47d</size>
         <input_file_ref idref="fl-7"/>
      </object_component>
      <object_component id="oc-a3">
         <name>.debug_info</name>
         <load_address>0x30f5b</load_address>
         <run_address>0x30f5b</run_address>
         <size>0x4ddcf</size>
         <input_file_ref idref="fl-8"/>
      </object_component>
      <object_component id="oc-106">
         <name>.debug_info</name>
         <load_address>0x7ed2a</load_address>
         <run_address>0x7ed2a</run_address>
         <size>0x19e80</size>
         <input_file_ref idref="fl-9"/>
      </object_component>
      <object_component id="oc-10b">
         <name>.debug_info</name>
         <load_address>0x98baa</load_address>
         <run_address>0x98baa</run_address>
         <size>0x168e</size>
         <input_file_ref idref="fl-a"/>
      </object_component>
      <object_component id="oc-110">
         <name>.debug_info</name>
         <load_address>0x9a238</load_address>
         <run_address>0x9a238</run_address>
         <size>0x17dfd</size>
         <input_file_ref idref="fl-b"/>
      </object_component>
      <object_component id="oc-115">
         <name>.debug_info</name>
         <load_address>0xb2035</load_address>
         <run_address>0xb2035</run_address>
         <size>0x35ab</size>
         <input_file_ref idref="fl-c"/>
      </object_component>
      <object_component id="oc-11a">
         <name>.debug_info</name>
         <load_address>0xb55e0</load_address>
         <run_address>0xb55e0</run_address>
         <size>0x675f</size>
         <input_file_ref idref="fl-d"/>
      </object_component>
      <object_component id="oc-11f">
         <name>.debug_info</name>
         <load_address>0xbbd3f</load_address>
         <run_address>0xbbd3f</run_address>
         <size>0xc745</size>
         <input_file_ref idref="fl-e"/>
      </object_component>
      <object_component id="oc-125">
         <name>.debug_info</name>
         <load_address>0xc8484</load_address>
         <run_address>0xc8484</run_address>
         <size>0x109</size>
         <input_file_ref idref="fl-f"/>
      </object_component>
      <object_component id="oc-129">
         <name>.debug_info</name>
         <load_address>0xc858d</load_address>
         <run_address>0xc858d</run_address>
         <size>0x3c0</size>
         <input_file_ref idref="fl-10"/>
      </object_component>
      <object_component id="oc-130">
         <name>.debug_info</name>
         <load_address>0xc894d</load_address>
         <run_address>0xc894d</run_address>
         <size>0x6641</size>
         <input_file_ref idref="fl-11"/>
      </object_component>
      <object_component id="oc-135">
         <name>.debug_info</name>
         <load_address>0xcef8e</load_address>
         <run_address>0xcef8e</run_address>
         <size>0x13d34</size>
         <input_file_ref idref="fl-12"/>
      </object_component>
      <object_component id="oc-13a">
         <name>.debug_info</name>
         <load_address>0xe2cc2</load_address>
         <run_address>0xe2cc2</run_address>
         <size>0xba2</size>
         <input_file_ref idref="fl-13"/>
      </object_component>
      <object_component id="oc-141">
         <name>.debug_info</name>
         <load_address>0xe3864</load_address>
         <run_address>0xe3864</run_address>
         <size>0x26fd4</size>
         <input_file_ref idref="fl-14"/>
      </object_component>
      <object_component id="oc-149">
         <name>.debug_info</name>
         <load_address>0x10a838</load_address>
         <run_address>0x10a838</run_address>
         <size>0x1039c</size>
         <input_file_ref idref="fl-15"/>
      </object_component>
      <object_component id="oc-14e">
         <name>.debug_info</name>
         <load_address>0x11abd4</load_address>
         <run_address>0x11abd4</run_address>
         <size>0xfd34</size>
         <input_file_ref idref="fl-16"/>
      </object_component>
      <object_component id="oc-153">
         <name>.debug_info</name>
         <load_address>0x12a908</load_address>
         <run_address>0x12a908</run_address>
         <size>0x5ef</size>
         <input_file_ref idref="fl-1c"/>
      </object_component>
      <object_component id="oc-159">
         <name>.debug_info</name>
         <load_address>0x12aef7</load_address>
         <run_address>0x12aef7</run_address>
         <size>0x463</size>
         <input_file_ref idref="fl-1d"/>
      </object_component>
      <object_component id="oc-161">
         <name>.debug_info</name>
         <load_address>0x12b35a</load_address>
         <run_address>0x12b35a</run_address>
         <size>0x176</size>
         <input_file_ref idref="fl-1e"/>
      </object_component>
      <object_component id="oc-166">
         <name>.debug_info</name>
         <load_address>0x12b4d0</load_address>
         <run_address>0x12b4d0</run_address>
         <size>0x165</size>
         <input_file_ref idref="fl-1f"/>
      </object_component>
      <object_component id="oc-16b">
         <name>.debug_info</name>
         <load_address>0x12b635</load_address>
         <run_address>0x12b635</run_address>
         <size>0x117</size>
         <input_file_ref idref="fl-20"/>
      </object_component>
      <object_component id="oc-170">
         <name>.debug_info</name>
         <load_address>0x12b74c</load_address>
         <run_address>0x12b74c</run_address>
         <size>0x179</size>
         <input_file_ref idref="fl-21"/>
      </object_component>
      <object_component id="oc-175">
         <name>.debug_info</name>
         <load_address>0x12b8c5</load_address>
         <run_address>0x12b8c5</run_address>
         <size>0x1a5</size>
         <input_file_ref idref="fl-22"/>
      </object_component>
      <object_component id="oc-179">
         <name>.debug_info</name>
         <load_address>0x12ba6a</load_address>
         <run_address>0x12ba6a</run_address>
         <size>0x58a</size>
         <input_file_ref idref="fl-23"/>
      </object_component>
      <object_component id="oc-17e">
         <name>.debug_info</name>
         <load_address>0x12bff4</load_address>
         <run_address>0x12bff4</run_address>
         <size>0x485</size>
         <input_file_ref idref="fl-24"/>
      </object_component>
      <object_component id="oc-183">
         <name>.debug_info</name>
         <load_address>0x12c479</load_address>
         <run_address>0x12c479</run_address>
         <size>0x3f8</size>
         <input_file_ref idref="fl-25"/>
      </object_component>
      <object_component id="oc-188">
         <name>.debug_info</name>
         <load_address>0x12c871</load_address>
         <run_address>0x12c871</run_address>
         <size>0x3f5</size>
         <input_file_ref idref="fl-26"/>
      </object_component>
      <object_component id="oc-18d">
         <name>.debug_info</name>
         <load_address>0x12cc66</load_address>
         <run_address>0x12cc66</run_address>
         <size>0x1c6</size>
         <input_file_ref idref="fl-27"/>
      </object_component>
      <object_component id="oc-191">
         <name>.debug_info</name>
         <load_address>0x12ce2c</load_address>
         <run_address>0x12ce2c</run_address>
         <size>0x58f</size>
         <input_file_ref idref="fl-28"/>
      </object_component>
      <object_component id="oc-198">
         <name>.debug_info</name>
         <load_address>0x12d3bb</load_address>
         <run_address>0x12d3bb</run_address>
         <size>0x517</size>
         <input_file_ref idref="fl-29"/>
      </object_component>
      <object_component id="oc-19d">
         <name>.debug_info</name>
         <load_address>0x12d8d2</load_address>
         <run_address>0x12d8d2</run_address>
         <size>0x4b2</size>
         <input_file_ref idref="fl-2a"/>
      </object_component>
      <object_component id="oc-1a2">
         <name>.debug_info</name>
         <load_address>0x12dd84</load_address>
         <run_address>0x12dd84</run_address>
         <size>0x3c1</size>
         <input_file_ref idref="fl-2b"/>
      </object_component>
      <object_component id="oc-24e">
         <name>.debug_info</name>
         <load_address>0x12e145</load_address>
         <run_address>0x12e145</run_address>
         <size>0xb6</size>
      </object_component>
      <object_component id="oc-84">
         <name>.debug_frame</name>
         <load_address>0x0</load_address>
         <run_address>0x0</run_address>
         <size>0x6c</size>
         <input_file_ref idref="fl-2"/>
      </object_component>
      <object_component id="oc-89">
         <name>.debug_frame</name>
         <load_address>0x6c</load_address>
         <run_address>0x6c</run_address>
         <size>0x64</size>
         <input_file_ref idref="fl-3"/>
      </object_component>
      <object_component id="oc-95">
         <name>.debug_frame</name>
         <load_address>0xd0</load_address>
         <run_address>0xd0</run_address>
         <size>0x163c</size>
         <input_file_ref idref="fl-5"/>
      </object_component>
      <object_component id="oc-9a">
         <name>.debug_frame</name>
         <load_address>0x170c</load_address>
         <run_address>0x170c</run_address>
         <size>0x168</size>
         <input_file_ref idref="fl-6"/>
      </object_component>
      <object_component id="oc-9f">
         <name>.debug_frame</name>
         <load_address>0x1874</load_address>
         <run_address>0x1874</run_address>
         <size>0x48</size>
         <input_file_ref idref="fl-7"/>
      </object_component>
      <object_component id="oc-107">
         <name>.debug_frame</name>
         <load_address>0x18bc</load_address>
         <run_address>0x18bc</run_address>
         <size>0x18c</size>
         <input_file_ref idref="fl-9"/>
      </object_component>
      <object_component id="oc-10c">
         <name>.debug_frame</name>
         <load_address>0x1a48</load_address>
         <run_address>0x1a48</run_address>
         <size>0x30</size>
         <input_file_ref idref="fl-a"/>
      </object_component>
      <object_component id="oc-111">
         <name>.debug_frame</name>
         <load_address>0x1a78</load_address>
         <run_address>0x1a78</run_address>
         <size>0x30</size>
         <input_file_ref idref="fl-b"/>
      </object_component>
      <object_component id="oc-116">
         <name>.debug_frame</name>
         <load_address>0x1aa8</load_address>
         <run_address>0x1aa8</run_address>
         <size>0x60</size>
         <input_file_ref idref="fl-c"/>
      </object_component>
      <object_component id="oc-11b">
         <name>.debug_frame</name>
         <load_address>0x1b08</load_address>
         <run_address>0x1b08</run_address>
         <size>0x48</size>
         <input_file_ref idref="fl-d"/>
      </object_component>
      <object_component id="oc-120">
         <name>.debug_frame</name>
         <load_address>0x1b50</load_address>
         <run_address>0x1b50</run_address>
         <size>0x22c</size>
         <input_file_ref idref="fl-e"/>
      </object_component>
      <object_component id="oc-12c">
         <name>.debug_frame</name>
         <load_address>0x1d7c</load_address>
         <run_address>0x1d7c</run_address>
         <size>0x30</size>
         <input_file_ref idref="fl-10"/>
      </object_component>
      <object_component id="oc-131">
         <name>.debug_frame</name>
         <load_address>0x1dac</load_address>
         <run_address>0x1dac</run_address>
         <size>0x30</size>
         <input_file_ref idref="fl-11"/>
      </object_component>
      <object_component id="oc-136">
         <name>.debug_frame</name>
         <load_address>0x1ddc</load_address>
         <run_address>0x1ddc</run_address>
         <size>0x138</size>
         <input_file_ref idref="fl-12"/>
      </object_component>
      <object_component id="oc-13d">
         <name>.debug_frame</name>
         <load_address>0x1f14</load_address>
         <run_address>0x1f14</run_address>
         <size>0x78</size>
         <input_file_ref idref="fl-13"/>
      </object_component>
      <object_component id="oc-145">
         <name>.debug_frame</name>
         <load_address>0x1f8c</load_address>
         <run_address>0x1f8c</run_address>
         <size>0x270</size>
         <input_file_ref idref="fl-14"/>
      </object_component>
      <object_component id="oc-14a">
         <name>.debug_frame</name>
         <load_address>0x21fc</load_address>
         <run_address>0x21fc</run_address>
         <size>0xac</size>
         <input_file_ref idref="fl-15"/>
      </object_component>
      <object_component id="oc-14f">
         <name>.debug_frame</name>
         <load_address>0x22a8</load_address>
         <run_address>0x22a8</run_address>
         <size>0x30</size>
         <input_file_ref idref="fl-16"/>
      </object_component>
      <object_component id="oc-155">
         <name>.debug_frame</name>
         <load_address>0x22d8</load_address>
         <run_address>0x22d8</run_address>
         <size>0x80</size>
         <input_file_ref idref="fl-1c"/>
      </object_component>
      <object_component id="oc-15b">
         <name>.debug_frame</name>
         <load_address>0x2358</load_address>
         <run_address>0x2358</run_address>
         <size>0x4c</size>
         <input_file_ref idref="fl-1d"/>
      </object_component>
      <object_component id="oc-17a">
         <name>.debug_frame</name>
         <load_address>0x23a4</load_address>
         <run_address>0x23a4</run_address>
         <size>0x68</size>
         <input_file_ref idref="fl-23"/>
      </object_component>
      <object_component id="oc-17f">
         <name>.debug_frame</name>
         <load_address>0x240c</load_address>
         <run_address>0x240c</run_address>
         <size>0x48</size>
         <input_file_ref idref="fl-24"/>
      </object_component>
      <object_component id="oc-184">
         <name>.debug_frame</name>
         <load_address>0x2454</load_address>
         <run_address>0x2454</run_address>
         <size>0x48</size>
         <input_file_ref idref="fl-25"/>
      </object_component>
      <object_component id="oc-189">
         <name>.debug_frame</name>
         <load_address>0x249c</load_address>
         <run_address>0x249c</run_address>
         <size>0x48</size>
         <input_file_ref idref="fl-26"/>
      </object_component>
      <object_component id="oc-194">
         <name>.debug_frame</name>
         <load_address>0x24e4</load_address>
         <run_address>0x24e4</run_address>
         <size>0x68</size>
         <input_file_ref idref="fl-28"/>
      </object_component>
      <object_component id="oc-199">
         <name>.debug_frame</name>
         <load_address>0x254c</load_address>
         <run_address>0x254c</run_address>
         <size>0x78</size>
         <input_file_ref idref="fl-29"/>
      </object_component>
      <object_component id="oc-19e">
         <name>.debug_frame</name>
         <load_address>0x25c4</load_address>
         <run_address>0x25c4</run_address>
         <size>0x48</size>
         <input_file_ref idref="fl-2a"/>
      </object_component>
      <object_component id="oc-1a3">
         <name>.debug_frame</name>
         <load_address>0x260c</load_address>
         <run_address>0x260c</run_address>
         <size>0x30</size>
         <input_file_ref idref="fl-2b"/>
      </object_component>
      <object_component id="oc-85">
         <name>.debug_line</name>
         <load_address>0x0</load_address>
         <run_address>0x0</run_address>
         <size>0x14d</size>
         <input_file_ref idref="fl-2"/>
      </object_component>
      <object_component id="oc-8a">
         <name>.debug_line</name>
         <load_address>0x14d</load_address>
         <run_address>0x14d</run_address>
         <size>0xde</size>
         <input_file_ref idref="fl-3"/>
      </object_component>
      <object_component id="oc-90">
         <name>.debug_line</name>
         <load_address>0x22b</load_address>
         <run_address>0x22b</run_address>
         <size>0x67</size>
         <input_file_ref idref="fl-4"/>
      </object_component>
      <object_component id="oc-96">
         <name>.debug_line</name>
         <load_address>0x292</load_address>
         <run_address>0x292</run_address>
         <size>0xc55</size>
         <input_file_ref idref="fl-5"/>
      </object_component>
      <object_component id="oc-9b">
         <name>.debug_line</name>
         <load_address>0xee7</load_address>
         <run_address>0xee7</run_address>
         <size>0x1cb</size>
         <input_file_ref idref="fl-6"/>
      </object_component>
      <object_component id="oc-a0">
         <name>.debug_line</name>
         <load_address>0x10b2</load_address>
         <run_address>0x10b2</run_address>
         <size>0x5e</size>
         <input_file_ref idref="fl-7"/>
      </object_component>
      <object_component id="oc-108">
         <name>.debug_line</name>
         <load_address>0x1110</load_address>
         <run_address>0x1110</run_address>
         <size>0x252</size>
         <input_file_ref idref="fl-9"/>
      </object_component>
      <object_component id="oc-10d">
         <name>.debug_line</name>
         <load_address>0x1362</load_address>
         <run_address>0x1362</run_address>
         <size>0x38</size>
         <input_file_ref idref="fl-a"/>
      </object_component>
      <object_component id="oc-112">
         <name>.debug_line</name>
         <load_address>0x139a</load_address>
         <run_address>0x139a</run_address>
         <size>0x44</size>
         <input_file_ref idref="fl-b"/>
      </object_component>
      <object_component id="oc-117">
         <name>.debug_line</name>
         <load_address>0x13de</load_address>
         <run_address>0x13de</run_address>
         <size>0x82</size>
         <input_file_ref idref="fl-c"/>
      </object_component>
      <object_component id="oc-11c">
         <name>.debug_line</name>
         <load_address>0x1460</load_address>
         <run_address>0x1460</run_address>
         <size>0x65</size>
         <input_file_ref idref="fl-d"/>
      </object_component>
      <object_component id="oc-121">
         <name>.debug_line</name>
         <load_address>0x14c5</load_address>
         <run_address>0x14c5</run_address>
         <size>0x39b</size>
         <input_file_ref idref="fl-e"/>
      </object_component>
      <object_component id="oc-126">
         <name>.debug_line</name>
         <load_address>0x1860</load_address>
         <run_address>0x1860</run_address>
         <size>0x4e</size>
         <input_file_ref idref="fl-f"/>
      </object_component>
      <object_component id="oc-12d">
         <name>.debug_line</name>
         <load_address>0x18ae</load_address>
         <run_address>0x18ae</run_address>
         <size>0x33</size>
         <input_file_ref idref="fl-10"/>
      </object_component>
      <object_component id="oc-132">
         <name>.debug_line</name>
         <load_address>0x18e1</load_address>
         <run_address>0x18e1</run_address>
         <size>0x3e</size>
         <input_file_ref idref="fl-11"/>
      </object_component>
      <object_component id="oc-137">
         <name>.debug_line</name>
         <load_address>0x191f</load_address>
         <run_address>0x191f</run_address>
         <size>0x271</size>
         <input_file_ref idref="fl-12"/>
      </object_component>
      <object_component id="oc-13e">
         <name>.debug_line</name>
         <load_address>0x1b90</load_address>
         <run_address>0x1b90</run_address>
         <size>0x83</size>
         <input_file_ref idref="fl-13"/>
      </object_component>
      <object_component id="oc-146">
         <name>.debug_line</name>
         <load_address>0x1c13</load_address>
         <run_address>0x1c13</run_address>
         <size>0x472</size>
         <input_file_ref idref="fl-14"/>
      </object_component>
      <object_component id="oc-14b">
         <name>.debug_line</name>
         <load_address>0x2085</load_address>
         <run_address>0x2085</run_address>
         <size>0xdb</size>
         <input_file_ref idref="fl-15"/>
      </object_component>
      <object_component id="oc-150">
         <name>.debug_line</name>
         <load_address>0x2160</load_address>
         <run_address>0x2160</run_address>
         <size>0x3d</size>
         <input_file_ref idref="fl-16"/>
      </object_component>
      <object_component id="oc-156">
         <name>.debug_line</name>
         <load_address>0x219d</load_address>
         <run_address>0x219d</run_address>
         <size>0xe6</size>
         <input_file_ref idref="fl-1c"/>
      </object_component>
      <object_component id="oc-15c">
         <name>.debug_line</name>
         <load_address>0x2283</load_address>
         <run_address>0x2283</run_address>
         <size>0x81</size>
         <input_file_ref idref="fl-1d"/>
      </object_component>
      <object_component id="oc-162">
         <name>.debug_line</name>
         <load_address>0x2304</load_address>
         <run_address>0x2304</run_address>
         <size>0x7e</size>
         <input_file_ref idref="fl-1e"/>
      </object_component>
      <object_component id="oc-167">
         <name>.debug_line</name>
         <load_address>0x2382</load_address>
         <run_address>0x2382</run_address>
         <size>0x52</size>
         <input_file_ref idref="fl-1f"/>
      </object_component>
      <object_component id="oc-16c">
         <name>.debug_line</name>
         <load_address>0x23d4</load_address>
         <run_address>0x23d4</run_address>
         <size>0xad</size>
         <input_file_ref idref="fl-20"/>
      </object_component>
      <object_component id="oc-171">
         <name>.debug_line</name>
         <load_address>0x2481</load_address>
         <run_address>0x2481</run_address>
         <size>0x6c</size>
         <input_file_ref idref="fl-21"/>
      </object_component>
      <object_component id="oc-176">
         <name>.debug_line</name>
         <load_address>0x24ed</load_address>
         <run_address>0x24ed</run_address>
         <size>0x6d</size>
         <input_file_ref idref="fl-22"/>
      </object_component>
      <object_component id="oc-17b">
         <name>.debug_line</name>
         <load_address>0x255a</load_address>
         <run_address>0x255a</run_address>
         <size>0x50</size>
         <input_file_ref idref="fl-23"/>
      </object_component>
      <object_component id="oc-180">
         <name>.debug_line</name>
         <load_address>0x25aa</load_address>
         <run_address>0x25aa</run_address>
         <size>0x62</size>
         <input_file_ref idref="fl-24"/>
      </object_component>
      <object_component id="oc-185">
         <name>.debug_line</name>
         <load_address>0x260c</load_address>
         <run_address>0x260c</run_address>
         <size>0x3e</size>
         <input_file_ref idref="fl-25"/>
      </object_component>
      <object_component id="oc-18a">
         <name>.debug_line</name>
         <load_address>0x264a</load_address>
         <run_address>0x264a</run_address>
         <size>0x3a</size>
         <input_file_ref idref="fl-26"/>
      </object_component>
      <object_component id="oc-195">
         <name>.debug_line</name>
         <load_address>0x2684</load_address>
         <run_address>0x2684</run_address>
         <size>0x65</size>
         <input_file_ref idref="fl-28"/>
      </object_component>
      <object_component id="oc-19a">
         <name>.debug_line</name>
         <load_address>0x26e9</load_address>
         <run_address>0x26e9</run_address>
         <size>0x5e</size>
         <input_file_ref idref="fl-29"/>
      </object_component>
      <object_component id="oc-19f">
         <name>.debug_line</name>
         <load_address>0x2747</load_address>
         <run_address>0x2747</run_address>
         <size>0x55</size>
         <input_file_ref idref="fl-2a"/>
      </object_component>
      <object_component id="oc-1a4">
         <name>.debug_line</name>
         <load_address>0x279c</load_address>
         <run_address>0x279c</run_address>
         <size>0x92</size>
         <input_file_ref idref="fl-2b"/>
      </object_component>
      <object_component id="oc-86">
         <name>.debug_abbrev</name>
         <load_address>0x0</load_address>
         <run_address>0x0</run_address>
         <size>0x149</size>
         <input_file_ref idref="fl-2"/>
      </object_component>
      <object_component id="oc-8b">
         <name>.debug_abbrev</name>
         <load_address>0x149</load_address>
         <run_address>0x149</run_address>
         <size>0x11c</size>
         <input_file_ref idref="fl-3"/>
      </object_component>
      <object_component id="oc-91">
         <name>.debug_abbrev</name>
         <load_address>0x265</load_address>
         <run_address>0x265</run_address>
         <size>0x21</size>
         <input_file_ref idref="fl-4"/>
      </object_component>
      <object_component id="oc-97">
         <name>.debug_abbrev</name>
         <load_address>0x286</load_address>
         <run_address>0x286</run_address>
         <size>0xb6</size>
         <input_file_ref idref="fl-5"/>
      </object_component>
      <object_component id="oc-9c">
         <name>.debug_abbrev</name>
         <load_address>0x33c</load_address>
         <run_address>0x33c</run_address>
         <size>0x143</size>
         <input_file_ref idref="fl-6"/>
      </object_component>
      <object_component id="oc-a1">
         <name>.debug_abbrev</name>
         <load_address>0x47f</load_address>
         <run_address>0x47f</run_address>
         <size>0xe7</size>
         <input_file_ref idref="fl-7"/>
      </object_component>
      <object_component id="oc-105">
         <name>.debug_abbrev</name>
         <load_address>0x566</load_address>
         <run_address>0x566</run_address>
         <size>0xcb</size>
         <input_file_ref idref="fl-8"/>
      </object_component>
      <object_component id="oc-109">
         <name>.debug_abbrev</name>
         <load_address>0x631</load_address>
         <run_address>0x631</run_address>
         <size>0x198</size>
         <input_file_ref idref="fl-9"/>
      </object_component>
      <object_component id="oc-10e">
         <name>.debug_abbrev</name>
         <load_address>0x7c9</load_address>
         <run_address>0x7c9</run_address>
         <size>0x166</size>
         <input_file_ref idref="fl-a"/>
      </object_component>
      <object_component id="oc-113">
         <name>.debug_abbrev</name>
         <load_address>0x92f</load_address>
         <run_address>0x92f</run_address>
         <size>0x17a</size>
         <input_file_ref idref="fl-b"/>
      </object_component>
      <object_component id="oc-118">
         <name>.debug_abbrev</name>
         <load_address>0xaa9</load_address>
         <run_address>0xaa9</run_address>
         <size>0xc8</size>
         <input_file_ref idref="fl-c"/>
      </object_component>
      <object_component id="oc-11d">
         <name>.debug_abbrev</name>
         <load_address>0xb71</load_address>
         <run_address>0xb71</run_address>
         <size>0x116</size>
         <input_file_ref idref="fl-d"/>
      </object_component>
      <object_component id="oc-122">
         <name>.debug_abbrev</name>
         <load_address>0xc87</load_address>
         <run_address>0xc87</run_address>
         <size>0x1c8</size>
         <input_file_ref idref="fl-e"/>
      </object_component>
      <object_component id="oc-127">
         <name>.debug_abbrev</name>
         <load_address>0xe4f</load_address>
         <run_address>0xe4f</run_address>
         <size>0x2f</size>
         <input_file_ref idref="fl-f"/>
      </object_component>
      <object_component id="oc-12e">
         <name>.debug_abbrev</name>
         <load_address>0xe7e</load_address>
         <run_address>0xe7e</run_address>
         <size>0xc5</size>
         <input_file_ref idref="fl-10"/>
      </object_component>
      <object_component id="oc-133">
         <name>.debug_abbrev</name>
         <load_address>0xf43</load_address>
         <run_address>0xf43</run_address>
         <size>0x11b</size>
         <input_file_ref idref="fl-11"/>
      </object_component>
      <object_component id="oc-138">
         <name>.debug_abbrev</name>
         <load_address>0x105e</load_address>
         <run_address>0x105e</run_address>
         <size>0x141</size>
         <input_file_ref idref="fl-12"/>
      </object_component>
      <object_component id="oc-13f">
         <name>.debug_abbrev</name>
         <load_address>0x119f</load_address>
         <run_address>0x119f</run_address>
         <size>0x128</size>
         <input_file_ref idref="fl-13"/>
      </object_component>
      <object_component id="oc-147">
         <name>.debug_abbrev</name>
         <load_address>0x12c7</load_address>
         <run_address>0x12c7</run_address>
         <size>0x20c</size>
         <input_file_ref idref="fl-14"/>
      </object_component>
      <object_component id="oc-14c">
         <name>.debug_abbrev</name>
         <load_address>0x14d3</load_address>
         <run_address>0x14d3</run_address>
         <size>0x121</size>
         <input_file_ref idref="fl-15"/>
      </object_component>
      <object_component id="oc-151">
         <name>.debug_abbrev</name>
         <load_address>0x15f4</load_address>
         <run_address>0x15f4</run_address>
         <size>0x11a</size>
         <input_file_ref idref="fl-16"/>
      </object_component>
      <object_component id="oc-157">
         <name>.debug_abbrev</name>
         <load_address>0x170e</load_address>
         <run_address>0x170e</run_address>
         <size>0xd1</size>
         <input_file_ref idref="fl-1c"/>
      </object_component>
      <object_component id="oc-15d">
         <name>.debug_abbrev</name>
         <load_address>0x17df</load_address>
         <run_address>0x17df</run_address>
         <size>0x9f</size>
         <input_file_ref idref="fl-1d"/>
      </object_component>
      <object_component id="oc-163">
         <name>.debug_abbrev</name>
         <load_address>0x187e</load_address>
         <run_address>0x187e</run_address>
         <size>0x46</size>
         <input_file_ref idref="fl-1e"/>
      </object_component>
      <object_component id="oc-168">
         <name>.debug_abbrev</name>
         <load_address>0x18c4</load_address>
         <run_address>0x18c4</run_address>
         <size>0x38</size>
         <input_file_ref idref="fl-1f"/>
      </object_component>
      <object_component id="oc-16d">
         <name>.debug_abbrev</name>
         <load_address>0x18fc</load_address>
         <run_address>0x18fc</run_address>
         <size>0x38</size>
         <input_file_ref idref="fl-20"/>
      </object_component>
      <object_component id="oc-172">
         <name>.debug_abbrev</name>
         <load_address>0x1934</load_address>
         <run_address>0x1934</run_address>
         <size>0x38</size>
         <input_file_ref idref="fl-21"/>
      </object_component>
      <object_component id="oc-177">
         <name>.debug_abbrev</name>
         <load_address>0x196c</load_address>
         <run_address>0x196c</run_address>
         <size>0x38</size>
         <input_file_ref idref="fl-22"/>
      </object_component>
      <object_component id="oc-17c">
         <name>.debug_abbrev</name>
         <load_address>0x19a4</load_address>
         <run_address>0x19a4</run_address>
         <size>0xe3</size>
         <input_file_ref idref="fl-23"/>
      </object_component>
      <object_component id="oc-181">
         <name>.debug_abbrev</name>
         <load_address>0x1a87</load_address>
         <run_address>0x1a87</run_address>
         <size>0xa8</size>
         <input_file_ref idref="fl-24"/>
      </object_component>
      <object_component id="oc-186">
         <name>.debug_abbrev</name>
         <load_address>0x1b2f</load_address>
         <run_address>0x1b2f</run_address>
         <size>0x68</size>
         <input_file_ref idref="fl-25"/>
      </object_component>
[...]
         <value>0x9034</value>
         <object_component_ref idref="oc-1b3"/>
      </symbol>
      <symbol id="sm-445">
         <name>_HIB</name>
         <value>0x92bb</value>
         <object_component_ref idref="oc-1b3"/>
      </symbol>
      <symbol id="sm-446">
         <name>_AuxAuxClkSel</name>
         <value>0x91da</value>
         <object_component_ref idref="oc-1b3"/>
      </symbol>
      <symbol id="sm-447">
         <name>_AuxIntOsc2Sel</name>
         <value>0x91f5</value>
         <object_component_ref idref="oc-1b3"/>
      </symbol>
      <symbol id="sm-448">
         <name>_InitAuxPll</name>
         <value>0x9202</value>
         <object_component_ref idref="oc-1b3"/>
      </symbol>
      <symbol id="sm-449">
         <name>_InitSysCtrl</name>
         <value>0x91a3</value>
         <object_component_ref idref="oc-1b3"/>
      </symbol>
      <symbol id="sm-44a">
         <name>_STANDBY</name>
         <value>0x9051</value>
         <object_component_ref idref="oc-1b3"/>
      </symbol>
      <symbol id="sm-44b">
         <name>_AuxXtalOscSel</name>
         <value>0x91e4</value>
         <object_component_ref idref="oc-1b3"/>
      </symbol>
      <symbol id="sm-457">
         <name>_F28x_usDelay</name>
         <value>0x26c</value>
         <object_component_ref idref="oc-124"/>
      </symbol>
      <symbol id="sm-46a">
         <name>_R</name>
         <value>0xb1e0</value>
         <object_component_ref idref="oc-12b"/>
      </symbol>
      <symbol id="sm-46b">
         <name>_Q</name>
         <value>0xb1e4</value>
         <object_component_ref idref="oc-12b"/>
      </symbol>
      <symbol id="sm-488">
         <name>_InitADC</name>
         <value>0x9461</value>
         <object_component_ref idref="oc-1b7"/>
      </symbol>
      <symbol id="sm-489">
         <name>_Configure_ADC_d</name>
         <value>0x948b</value>
         <object_component_ref idref="oc-1b7"/>
      </symbol>
      <symbol id="sm-48a">
         <name>_Configure_ADC_c</name>
         <value>0x94a6</value>
         <object_component_ref idref="oc-1b7"/>
      </symbol>
      <symbol id="sm-48b">
         <name>_Configure_ADC_b</name>
         <value>0x94c1</value>
         <object_component_ref idref="oc-1b7"/>
      </symbol>
      <symbol id="sm-48c">
         <name>_Configure_ADC_a</name>
         <value>0x94dc</value>
         <object_component_ref idref="oc-1b7"/>
      </symbol>
      <symbol id="sm-48d">
         <name>_Configure_ADC</name>
         <value>0x94f7</value>
         <object_component_ref idref="oc-1b7"/>
      </symbol>
      <symbol id="sm-48e">
         <name>_EnableTZ</name>
         <value>0x9468</value>
         <object_component_ref idref="oc-1b7"/>
      </symbol>
      <symbol id="sm-48f">
         <name>_InitADC_D</name>
         <value>0x9314</value>
         <object_component_ref idref="oc-1b7"/>
      </symbol>
      <symbol id="sm-490">
         <name>_InitADC_A</name>
         <value>0x941b</value>
         <object_component_ref idref="oc-1b7"/>
      </symbol>
      <symbol id="sm-491">
         <name>_InitADC_B</name>
         <value>0x93ba</value>
         <object_component_ref idref="oc-1b7"/>
      </symbol>
      <symbol id="sm-492">
         <name>_InitADC_C</name>
         <value>0x9368</value>
         <object_component_ref idref="oc-1b7"/>
      </symbol>
      <symbol id="sm-4a3">
         <name>_DAC_Output</name>
         <value>0x9bf9</value>
         <object_component_ref idref="oc-1b9"/>
      </symbol>
      <symbol id="sm-4a4">
         <name>_DAC_C</name>
         <value>0xb3e8</value>
         <object_component_ref idref="oc-13c"/>
      </symbol>
      <symbol id="sm-4a5">
         <name>_DAC_B</name>
         <value>0xb3e9</value>
         <object_component_ref idref="oc-13c"/>
      </symbol>
      <symbol id="sm-4a6">
         <name>_DAC_A</name>
         <value>0xb3ea</value>
         <object_component_ref idref="oc-13c"/>
      </symbol>
      <symbol id="sm-4a7">
         <name>_Configure_DAC</name>
         <value>0x9c1b</value>
         <object_component_ref idref="oc-1b9"/>
      </symbol>
      <symbol id="sm-4a8">
         <name>_DAC_PTR</name>
         <value>0xb3ec</value>
         <object_component_ref idref="oc-13c"/>
      </symbol>
      <symbol id="sm-4a9">
         <name>_ConfigureDAC_single</name>
         <value>0x9c04</value>
         <object_component_ref idref="oc-1b9"/>
      </symbol>
      <symbol id="sm-4ff">
         <name>_MainISR</name>
         <value>0x80b0</value>
         <object_component_ref idref="oc-144"/>
      </symbol>
      <symbol id="sm-500">
         <name>_OffsetISR</name>
         <value>0x8000</value>
         <object_component_ref idref="oc-144"/>
      </symbol>
      <symbol id="sm-501">
         <name>_OneShot_Protection</name>
         <value>0x8d5f</value>
         <object_component_ref idref="oc-1ac"/>
      </symbol>
      <symbol id="sm-502">
         <name>_qep1</name>
         <value>0xb2e4</value>
         <object_component_ref idref="oc-143"/>
      </symbol>
      <symbol id="sm-503">
         <name>_Us</name>
         <value>0xb224</value>
         <object_component_ref idref="oc-143"/>
      </symbol>
      <symbol id="sm-504">
         <name>_IqRef_run</name>
         <value>0xb22e</value>
         <object_component_ref idref="oc-143"/>
      </symbol>
      <symbol id="sm-505">
         <name>_IqRef</name>
         <value>0xb22c</value>
         <object_component_ref idref="oc-143"/>
      </symbol>
      <symbol id="sm-506">
         <name>_RunMotor</name>
         <value>0xb206</value>
         <object_component_ref idref="oc-143"/>
      </symbol>
      <symbol id="sm-507">
         <name>_Block_PWM</name>
         <value>0xb201</value>
         <object_component_ref idref="oc-143"/>
      </symbol>
      <symbol id="sm-508">
         <name>_clearTripFlagDMC</name>
         <value>0xb200</value>
         <object_component_ref idref="oc-143"/>
      </symbol>
      <symbol id="sm-509">
         <name>_ramper</name>
         <value>0x8ca8</value>
         <object_component_ref idref="oc-1ac"/>
      </symbol>
      <symbol id="sm-50a">
         <name>_I_Ki_Test</name>
         <value>0xb218</value>
         <object_component_ref idref="oc-143"/>
      </symbol>
      <symbol id="sm-50b">
         <name>_ConfigureEQep</name>
         <value>0x8dbe</value>
         <object_component_ref idref="oc-1ac"/>
      </symbol>
      <symbol id="sm-50c">
         <name>_I_Kp_Test</name>
         <value>0xb21e</value>
         <object_component_ref idref="oc-143"/>
      </symbol>
      <symbol id="sm-50d">
         <name>_SpeedRef</name>
         <value>0xb226</value>
         <object_component_ref idref="oc-143"/>
      </symbol>
      <symbol id="sm-50e">
         <name>_IB_Offset</name>
         <value>0xb20e</value>
         <object_component_ref idref="oc-143"/>
      </symbol>
      <symbol id="sm-50f">
         <name>_speed1</name>
         <value>0xb300</value>
         <object_component_ref idref="oc-143"/>
      </symbol>
      <symbol id="sm-510">
         <name>_speed3</name>
         <value>0xb2c0</value>
         <object_component_ref idref="oc-143"/>
      </symbol>
      <symbol id="sm-511">
         <name>_VdTesting</name>
         <value>0xb230</value>
         <object_component_ref idref="oc-143"/>
      </symbol>
      <symbol id="sm-512">
         <name>_IqRef_lock</name>
         <value>0xb234</value>
         <object_component_ref idref="oc-143"/>
      </symbol>
      <symbol id="sm-513">
         <name>_clarke1</name>
         <value>0xb240</value>
         <object_component_ref idref="oc-143"/>
      </symbol>
      <symbol id="sm-514">
         <name>_K2</name>
         <value>0xb210</value>
         <object_component_ref idref="oc-143"/>
      </symbol>
      <symbol id="sm-515">
         <name>_K1</name>
         <value>0xb238</value>
         <object_component_ref idref="oc-143"/>
      </symbol>
      <symbol id="sm-516">
         <name>_pid_spd</name>
         <value>0xb3c0</value>
         <object_component_ref idref="oc-143"/>
      </symbol>
      <symbol id="sm-517">
         <name>_pwm1</name>
         <value>0xb24a</value>
         <object_component_ref idref="oc-143"/>
      </symbol>
      <symbol id="sm-518">
         <name>_Offset_counter</name>
         <value>0xb20c</value>
         <object_component_ref idref="oc-143"/>
      </symbol>
      <symbol id="sm-519">
         <name>_EQep_cont</name>
         <value>0xb220</value>
         <object_component_ref idref="oc-143"/>
      </symbol>
      <symbol id="sm-51a">
         <name>_IdRef</name>
         <value>0xb22a</value>
         <object_component_ref idref="oc-143"/>
      </symbol>
      <symbol id="sm-51b">
         <name>_rg1</name>
         <value>0xb254</value>
         <object_component_ref idref="oc-143"/>
      </symbol>
      <symbol id="sm-51c">
         <name>_SpeedLoopCount</name>
         <value>0xb204</value>
         <object_component_ref idref="oc-143"/>
      </symbol>
      <symbol id="sm-51d">
         <name>_DA_B</name>
         <value>0xb209</value>
         <object_component_ref idref="oc-143"/>
      </symbol>
      <symbol id="sm-51e">
         <name>_DA_C</name>
         <value>0xb208</value>
         <object_component_ref idref="oc-143"/>
      </symbol>
      <symbol id="sm-51f">
         <name>_DA_A</name>
         <value>0xb20d</value>
         <object_component_ref idref="oc-143"/>
      </symbol>
      <symbol id="sm-520">
         <name>_VqTesting</name>
         <value>0xb21c</value>
         <object_component_ref idref="oc-143"/>
      </symbol>
      <symbol id="sm-521">
         <name>_S_Ki_Test</name>
         <value>0xb222</value>
         <object_component_ref idref="oc-143"/>
      </symbol>
      <symbol id="sm-522">
         <name>_S_Kp_Test</name>
         <value>0xb21a</value>
         <object_component_ref idref="oc-143"/>
      </symbol>
      <symbol id="sm-523">
         <name>_rc1</name>
         <value>0xb2aa</value>
         <object_component_ref idref="oc-143"/>
      </symbol>
      <symbol id="sm-524">
         <name>_smo1</name>
         <value>0xb380</value>
         <object_component_ref idref="oc-143"/>
      </symbol>
      <symbol id="sm-525">
         <name>_volt1</name>
         <value>0xb314</value>
         <object_component_ref idref="oc-143"/>
      </symbol>
      <symbol id="sm-526">
         <name>_IA_Offset</name>
         <value>0xb216</value>
         <object_component_ref idref="oc-143"/>
      </symbol>
      <symbol id="sm-527">
         <name>_ePWM</name>
         <value>0xb280</value>
         <object_component_ref idref="oc-143"/>
      </symbol>
      <symbol id="sm-528">
         <name>_IdRef_lock</name>
         <value>0xb228</value>
         <object_component_ref idref="oc-143"/>
      </symbol>
      <symbol id="sm-529">
         <name>_smo1_const</name>
         <value>0xb28e</value>
         <object_component_ref idref="oc-143"/>
      </symbol>
      <symbol id="sm-52a">
         <name>_volt_Ds</name>
         <value>0xb20b</value>
         <object_component_ref idref="oc-143"/>
      </symbol>
      <symbol id="sm-52b">
         <name>_pi_id</name>
         <value>0xb340</value>
         <object_component_ref idref="oc-143"/>
      </symbol>
      <symbol id="sm-52c">
         <name>_pi_iq</name>
         <value>0xb358</value>
         <object_component_ref idref="oc-143"/>
      </symbol>
      <symbol id="sm-52d">
         <name>_svgen1</name>
         <value>0xb2d2</value>
         <object_component_ref idref="oc-143"/>
      </symbol>
      <symbol id="sm-52e">
         <name>_lsw</name>
         <value>0xb202</value>
         <object_component_ref idref="oc-143"/>
      </symbol>
      <symbol id="sm-52f">
         <name>_eCAP</name>
         <value>0xb29c</value>
         <object_component_ref idref="oc-143"/>
      </symbol>
      <symbol id="sm-530">
         <name>_ipark1</name>
         <value>0xb260</value>
         <object_component_ref idref="oc-143"/>
      </symbol>
      <symbol id="sm-531">
         <name>_reset_pull_up</name>
         <value>0x8c27</value>
         <object_component_ref idref="oc-1ac"/>
      </symbol>
      <symbol id="sm-532">
         <name>_SpeedLoopPrescaler</name>
         <value>0xb205</value>
         <object_component_ref idref="oc-143"/>
      </symbol>
      <symbol id="sm-533">
         <name>_eQEP</name>
         <value>0xb23a</value>
         <object_component_ref idref="oc-143"/>
      </symbol>
      <symbol id="sm-534">
         <name>_ConfigureEPwm</name>
         <value>0x8dfa</value>
         <object_component_ref idref="oc-1ac"/>
      </symbol>
      <symbol id="sm-535">
         <name>_park1</name>
         <value>0xb26e</value>
         <object_component_ref idref="oc-143"/>
      </symbol>
      <symbol id="sm-536">
         <name>_IdRef_run</name>
         <value>0xb232</value>
         <object_component_ref idref="oc-143"/>
      </symbol>
      <symbol id="sm-537">
         <name>_Total_Voltage_Offset</name>
         <value>0xb212</value>
         <object_component_ref idref="oc-143"/>
      </symbol>
      <symbol id="sm-538">
         <name>_VVF_flag</name>
         <value>0xb207</value>
         <object_component_ref idref="oc-143"/>
      </symbol>
      <symbol id="sm-539">
         <name>_T</name>
         <value>0xb236</value>
         <object_component_ref idref="oc-143"/>
      </symbol>
      <symbol id="sm-53a">
         <name>_volt_Qs</name>
         <value>0xb20a</value>
         <object_component_ref idref="oc-143"/>
      </symbol>
      <symbol id="sm-53b">
         <name>_PosEncoderSuite</name>
         <value>0x8cc3</value>
         <object_component_ref idref="oc-1ac"/>
      </symbol>
      <symbol id="sm-53c">
         <name>_TripFlagDMC</name>
         <value>0xb203</value>
         <object_component_ref idref="oc-143"/>
      </symbol>
      <symbol id="sm-53d">
         <name>_IC_Offset</name>
         <value>0xb214</value>
         <object_component_ref idref="oc-143"/>
      </symbol>
      <symbol id="sm-54b">
         <name>_Configure_Sci_A</name>
         <value>0x9b46</value>
         <object_component_ref idref="oc-1ba"/>
      </symbol>
      <symbol id="sm-54c">
         <name>_scia_ximt</name>
         <value>0x9ad0</value>
         <object_component_ref idref="oc-1ba"/>
      </symbol>
      <symbol id="sm-54d">
         <name>_scia_init_fifo</name>
         <value>0x9b17</value>
         <object_component_ref idref="oc-1ba"/>
      </symbol>
      <symbol id="sm-54e">
         <name>_InitSciaGPIO</name>
         <value>0x9b2e</value>
         <object_component_ref idref="oc-1ba"/>
      </symbol>
      <symbol id="sm-54f">
         <name>_shanwai_sci</name>
         <value>0x9ad7</value>
         <object_component_ref idref="oc-1ba"/>
      </symbol>
      <symbol id="sm-586">
         <name>_exp</name>
         <value>0x9862</value>
         <object_component_ref idref="oc-1bb"/>
      </symbol>
      <symbol id="sm-587">
         <name>_expf</name>
         <value>0x9862</value>
         <object_component_ref idref="oc-1bb"/>
      </symbol>
      <symbol id="sm-59d">
         <name>_floorf</name>
         <value>0x9b4b</value>
         <object_component_ref idref="oc-1b1"/>
      </symbol>
      <symbol id="sm-59e">
         <name>_floor</name>
         <value>0x9b4b</value>
         <object_component_ref idref="oc-1b1"/>
      </symbol>
      <symbol id="sm-5b9">
         <name>_c_int00</name>
         <value>0x9ba3</value>
         <object_component_ref idref="oc-82"/>
      </symbol>
      <symbol id="sm-5ba">
         <name>__stack</name>
         <value>0x400</value>
         <object_component_ref idref="oc-15f"/>
      </symbol>
      <symbol id="sm-5c6">
         <name>_epilog_c28x_1</name>
         <value>0x3f1</value>
         <object_component_ref idref="oc-165"/>
      </symbol>
      <symbol id="sm-5c7">
         <name>_epilog_c28x_2</name>
         <value>0x3f5</value>
         <object_component_ref idref="oc-165"/>
      </symbol>
      <symbol id="sm-5d8">
         <name>FS$$DIV</name>
         <value>0x9a48</value>
         <object_component_ref idref="oc-16a"/>
      </symbol>
      <symbol id="sm-5e4">
         <name>LL$$AND</name>
         <value>0x9ce9</value>
         <object_component_ref idref="oc-16f"/>
      </symbol>
      <symbol id="sm-5e5">
         <name>LL$$OR</name>
         <value>0x9cf1</value>
         <object_component_ref idref="oc-16f"/>
      </symbol>
      <symbol id="sm-5e6">
         <name>LL$$XOR</name>
         <value>0x9cf9</value>
         <object_component_ref idref="oc-16f"/>
      </symbol>
      <symbol id="sm-5f2">
         <name>_prolog_c28x_1</name>
         <value>0x9cd0</value>
         <object_component_ref idref="oc-174"/>
      </symbol>
      <symbol id="sm-5f3">
         <name>_prolog_c28x_2</name>
         <value>0x9cd4</value>
         <object_component_ref idref="oc-174"/>
      </symbol>
      <symbol id="sm-5f4">
         <name>_prolog_c28x_3</name>
         <value>0x9cdc</value>
         <object_component_ref idref="oc-174"/>
      </symbol>
      <symbol id="sm-603">
         <name>_copy_in</name>
         <value>0x9c76</value>
         <object_component_ref idref="oc-1a8"/>
      </symbol>
      <symbol id="sm-614">
         <name>_memcpy</name>
         <value>0x9c9a</value>
         <object_component_ref idref="oc-1ad"/>
      </symbol>
      <symbol id="sm-620">
         <name>__system_pre_init</name>
         <value>0x3fd</value>
         <object_component_ref idref="oc-1a7"/>
      </symbol>
      <symbol id="sm-62d">
         <name>__system_post_cinit</name>
         <value>0x3ff</value>
         <object_component_ref idref="oc-1a9"/>
      </symbol>
      <symbol id="sm-637">
         <name>_errno</name>
         <value>0xb3f4</value>
         <object_component_ref idref="oc-18f"/>
      </symbol>
      <symbol id="sm-64b">
         <name>C$$EXIT</name>
         <value>0x9c25</value>
         <object_component_ref idref="oc-1ab"/>
      </symbol>
      <symbol id="sm-64c">
         <name>_exit</name>
         <value>0x9c27</value>
         <object_component_ref idref="oc-1ab"/>
      </symbol>
      <symbol id="sm-64d">
         <name>___TI_cleanup_ptr</name>
         <value>0xb1f8</value>
         <object_component_ref idref="oc-193"/>
      </symbol>
      <symbol id="sm-64e">
         <name>___TI_enable_exit_profile_output</name>
         <value>0xb1f6</value>
         <object_component_ref idref="oc-193"/>
      </symbol>
      <symbol id="sm-64f">
         <name>_abort</name>
         <value>0x9c25</value>
         <object_component_ref idref="oc-1ab"/>
      </symbol>
      <symbol id="sm-650">
         <name>___TI_dtors_ptr</name>
         <value>0xb1fa</value>
         <object_component_ref idref="oc-193"/>
      </symbol>
      <symbol id="sm-664">
         <name>__unlock</name>
         <value>0xb1fe</value>
         <object_component_ref idref="oc-1c3"/>
      </symbol>
      <symbol id="sm-665">
         <name>__lock</name>
         <value>0xb1fc</value>
         <object_component_ref idref="oc-1af"/>
      </symbol>
      <symbol id="sm-666">
         <name>__register_lock</name>
         <value>0x9d17</value>
         <object_component_ref idref="oc-1bc"/>
      </symbol>
      <symbol id="sm-667">
         <name>__nop</name>
         <value>0x9d1b</value>
         <object_component_ref idref="oc-1bc"/>
      </symbol>
      <symbol id="sm-668">
         <name>__register_unlock</name>
         <value>0x9d13</value>
         <object_component_ref idref="oc-1bc"/>
      </symbol>
      <symbol id="sm-677">
         <name>__args_main</name>
         <value>0x9cb7</value>
         <object_component_ref idref="oc-1aa"/>
      </symbol>
   </symbol_table>
   <title>Link successful</title>
</link_info>
